15:52:00 **** Clean-only build of configuration Debug for project nxpcup ****
make -r -j12 clean 
rm -rf ./utilities/str/fsl_str.d ./utilities/str/fsl_str.o
rm -rf ./utilities/debug_console_lite/fsl_debug_console.d ./utilities/debug_console_lite/fsl_debug_console.o
rm -rf ./utilities/fsl_assert.d ./utilities/fsl_assert.o ./utilities/fsl_memcpy.o
rm -rf ./startup/boot_multicore_slave.d ./startup/boot_multicore_slave.o ./startup/startup_mcxn947_cm33_core0.d ./startup/startup_mcxn947_cm33_core0.o
rm -rf ./source/esc.d ./source/esc.o ./source/hbridge.d ./source/hbridge.o ./source/main.d ./source/main.o ./source/pixy.d ./source/pixy.o ./source/semihost_hardfault.d ./source/semihost_hardfault.o ./source/servo.d ./source/servo.o ./source/simple_movement.d ./source/simple_movement.o
rm -rf ./drivers/fsl_clock.d ./drivers/fsl_clock.o ./drivers/fsl_common.d ./drivers/fsl_common.o ./drivers/fsl_common_arm.d ./drivers/fsl_common_arm.o ./drivers/fsl_ctimer.d ./drivers/fsl_ctimer.o ./drivers/fsl_edma.d ./drivers/fsl_edma.o ./drivers/fsl_edma_soc.d ./drivers/fsl_edma_soc.o ./drivers/fsl_gpio.d ./drivers/fsl_gpio.o ./drivers/fsl_inputmux.d ./drivers/fsl_inputmux.o ./drivers/fsl_lpflexcomm.d ./drivers/fsl_lpflexcomm.o ./drivers/fsl_lpi2c.d ./drivers/fsl_lpi2c.o ./drivers/fsl_lpi2c_cmsis.d ./drivers/fsl_lpi2c_cmsis.o ./drivers/fsl_lpi2c_edma.d ./drivers/fsl_lpi2c_edma.o ./drivers/fsl_lpuart.d ./drivers/fsl_lpuart.o ./drivers/fsl_pwm.d ./drivers/fsl_pwm.o ./drivers/fsl_reset.d ./drivers/fsl_reset.o ./drivers/fsl_spc.d ./drivers/fsl_spc.o
rm -rf ./device/system_MCXN947_cm33_core0.d ./device/system_MCXN947_cm33_core0.o
rm -rf ./component/uart/fsl_adapter_lpuart.d ./component/uart/fsl_adapter_lpuart.o
rm -rf ./board/board.d ./board/board.o ./board/clock_config.d ./board/clock_config.o ./board/hardware_init.d ./board/hardware_init.o ./board/peripherals.d ./board/peripherals.o ./board/pin_mux.d ./board/pin_mux.o
rm -rf nxpcup.axf
 
15:52:01 **** Build of configuration Debug for project nxpcup ****
make -r -j12 all 
Building file: ../utilities/str/fsl_str.c
Building file: ../utilities/debug_console_lite/fsl_debug_console.c
Building file: ../utilities/fsl_assert.c
Invoking: MCU C Compiler
Invoking: MCU C Compiler
arm-none-eabi-gcc -std=gnu99 -D__REDLIB__ -DCPU_MCXN947VDF -DCPU_MCXN947VDF_cm33 -DCPU_MCXN947VDF_cm33_core0 -DMCUXPRESSO_SDK -DSDK_DEBUGCONSOLE=0 -DMCUX_META_BUILD -DMCXN947_cm33_core0_SERIES -DCR_INTEGER_PRINTF -DPRINTF_FLOAT_ENABLE=0 -D__MCUXPRESSO -D__USE_CMSIS -DDEBUG -I"C:\Users\asyou\Desktop\Tmp\nxpcup\drivers" -I"C:\Users\asyou\Desktop\Tmp\nxpcup\CMSIS" -I"C:\Users\asyou\Desktop\Tmp\nxpcup\CMSIS\m-profile" -I"C:\Users\asyou\Desktop\Tmp\nxpcup\device" -I"C:\Users\asyou\Desktop\Tmp\nxpcup\device\periph" -I"C:\Users\asyou\Desktop\Tmp\nxpcup\utilities" -I"C:\Users\asyou\Desktop\Tmp\nxpcup\utilities\str" -I"C:\Users\asyou\Desktop\Tmp\nxpcup\utilities\debug_console_lite" -I"C:\Users\asyou\Desktop\Tmp\nxpcup\component\uart" -I"C:\Users\asyou\Desktop\Tmp\nxpcup\CMSIS_driver\Include" -I"C:\Users\asyou\Desktop\Tmp\nxpcup\board" -I"C:\Users\asyou\Desktop\Tmp\nxpcup\source" -I"C:\Users\asyou\Desktop\Tmp\nxpcup\include" -O0 -fno-common -g3 -gdwarf-4 -mcpu=cortex-m33 -c -ffunction-sections -fdata-sections -fno-builtin -imacros "C:\Users\asyou\Desktop\Tmp\nxpcup\source\mcux_config.h" -fmerge-constants -fmacro-prefix-map="../utilities/str/"= -mcpu=cortex-m33 -mfpu=fpv5-sp-d16 -mfloat-abi=hard -mthumb -D__REDLIB__ -fstack-usage -specs=redlib.specs -MMD -MP -MF"utilities/str/fsl_str.d" -MT"utilities/str/fsl_str.o" -MT"utilities/str/fsl_str.d" -o "utilities/str/fsl_str.o" "../utilities/str/fsl_str.c"
Building file: ../utilities/fsl_memcpy.S
arm-none-eabi-gcc -std=gnu99 -D__REDLIB__ -DCPU_MCXN947VDF -DCPU_MCXN947VDF_cm33 -DCPU_MCXN947VDF_cm33_core0 -DMCUXPRESSO_SDK -DSDK_DEBUGCONSOLE=0 -DMCUX_META_BUILD -DMCXN947_cm33_core0_SERIES -DCR_INTEGER_PRINTF -DPRINTF_FLOAT_ENABLE=0 -D__MCUXPRESSO -D__USE_CMSIS -DDEBUG -I"C:\Users\asyou\Desktop\Tmp\nxpcup\drivers" -I"C:\Users\asyou\Desktop\Tmp\nxpcup\CMSIS" -I"C:\Users\asyou\Desktop\Tmp\nxpcup\CMSIS\m-profile" -I"C:\Users\asyou\Desktop\Tmp\nxpcup\device" -I"C:\Users\asyou\Desktop\Tmp\nxpcup\device\periph" -I"C:\Users\asyou\Desktop\Tmp\nxpcup\utilities" -I"C:\Users\asyou\Desktop\Tmp\nxpcup\utilities\str" -I"C:\Users\asyou\Desktop\Tmp\nxpcup\utilities\debug_console_lite" -I"C:\Users\asyou\Desktop\Tmp\nxpcup\component\uart" -I"C:\Users\asyou\Desktop\Tmp\nxpcup\CMSIS_driver\Include" -I"C:\Users\asyou\Desktop\Tmp\nxpcup\board" -I"C:\Users\asyou\Desktop\Tmp\nxpcup\source" -I"C:\Users\asyou\Desktop\Tmp\nxpcup\include" -O0 -fno-common -g3 -gdwarf-4 -mcpu=cortex-m33 -c -ffunction-sections -fdata-sections -fno-builtin -imacros "C:\Users\asyou\Desktop\Tmp\nxpcup\source\mcux_config.h" -fmerge-constants -fmacro-prefix-map="../utilities/debug_console_lite/"= -mcpu=cortex-m33 -mfpu=fpv5-sp-d16 -mfloat-abi=hard -mthumb -D__REDLIB__ -fstack-usage -specs=redlib.specs -MMD -MP -MF"utilities/debug_console_lite/fsl_debug_console.d" -MT"utilities/debug_console_lite/fsl_debug_console.o" -MT"utilities/debug_console_lite/fsl_debug_console.d" -o "utilities/debug_console_lite/fsl_debug_console.o" "../utilities/debug_console_lite/fsl_debug_console.c"
Invoking: MCU C Compiler
arm-none-eabi-gcc -std=gnu99 -D__REDLIB__ -DCPU_MCXN947VDF -DCPU_MCXN947VDF_cm33 -DCPU_MCXN947VDF_cm33_core0 -DMCUXPRESSO_SDK -DSDK_DEBUGCONSOLE=0 -DMCUX_META_BUILD -DMCXN947_cm33_core0_SERIES -DCR_INTEGER_PRINTF -DPRINTF_FLOAT_ENABLE=0 -D__MCUXPRESSO -D__USE_CMSIS -DDEBUG -I"C:\Users\asyou\Desktop\Tmp\nxpcup\drivers" -I"C:\Users\asyou\Desktop\Tmp\nxpcup\CMSIS" -I"C:\Users\asyou\Desktop\Tmp\nxpcup\CMSIS\m-profile" -I"C:\Users\asyou\Desktop\Tmp\nxpcup\device" -I"C:\Users\asyou\Desktop\Tmp\nxpcup\device\periph" -I"C:\Users\asyou\Desktop\Tmp\nxpcup\utilities" -I"C:\Users\asyou\Desktop\Tmp\nxpcup\utilities\str" -I"C:\Users\asyou\Desktop\Tmp\nxpcup\utilities\debug_console_lite" -I"C:\Users\asyou\Desktop\Tmp\nxpcup\component\uart" -I"C:\Users\asyou\Desktop\Tmp\nxpcup\CMSIS_driver\Include" -I"C:\Users\asyou\Desktop\Tmp\nxpcup\board" -I"C:\Users\asyou\Desktop\Tmp\nxpcup\source" -I"C:\Users\asyou\Desktop\Tmp\nxpcup\include" -O0 -fno-common -g3 -gdwarf-4 -mcpu=cortex-m33 -c -ffunction-sections -fdata-sections -fno-builtin -imacros "C:\Users\asyou\Desktop\Tmp\nxpcup\source\mcux_config.h" -fmerge-constants -fmacro-prefix-map="../utilities/"= -mcpu=cortex-m33 -mfpu=fpv5-sp-d16 -mfloat-abi=hard -mthumb -D__REDLIB__ -fstack-usage -specs=redlib.specs -MMD -MP -MF"utilities/fsl_assert.d" -MT"utilities/fsl_assert.o" -MT"utilities/fsl_assert.d" -o "utilities/fsl_assert.o" "../utilities/fsl_assert.c"
Invoking: MCU Assembler
arm-none-eabi-gcc -c -x assembler-with-cpp -D__REDLIB__ -I"C:\Users\asyou\Desktop\Tmp\nxpcup\drivers" -I"C:\Users\asyou\Desktop\Tmp\nxpcup\CMSIS" -I"C:\Users\asyou\Desktop\Tmp\nxpcup\CMSIS\m-profile" -I"C:\Users\asyou\Desktop\Tmp\nxpcup\device" -I"C:\Users\asyou\Desktop\Tmp\nxpcup\device\periph" -I"C:\Users\asyou\Desktop\Tmp\nxpcup\utilities" -I"C:\Users\asyou\Desktop\Tmp\nxpcup\utilities\str" -I"C:\Users\asyou\Desktop\Tmp\nxpcup\utilities\debug_console_lite" -I"C:\Users\asyou\Desktop\Tmp\nxpcup\component\uart" -I"C:\Users\asyou\Desktop\Tmp\nxpcup\CMSIS_driver\Include" -I"C:\Users\asyou\Desktop\Tmp\nxpcup\board" -I"C:\Users\asyou\Desktop\Tmp\nxpcup\source" -I"C:\Users\asyou\Desktop\Tmp\nxpcup\include" -g3 -gdwarf-4 -mcpu=cortex-m33 -mfpu=fpv5-sp-d16 -mfloat-abi=hard -mthumb -D__REDLIB__ -specs=redlib.specs -o "utilities/fsl_memcpy.o" "../utilities/fsl_memcpy.S"
Building file: ../startup/boot_multicore_slave.c
Building file: ../startup/startup_mcxn947_cm33_core0.c
Invoking: MCU C Compiler
arm-none-eabi-gcc -std=gnu99 -D__REDLIB__ -DCPU_MCXN947VDF -DCPU_MCXN947VDF_cm33 -DCPU_MCXN947VDF_cm33_core0 -DMCUXPRESSO_SDK -DSDK_DEBUGCONSOLE=0 -DMCUX_META_BUILD -DMCXN947_cm33_core0_SERIES -DCR_INTEGER_PRINTF -DPRINTF_FLOAT_ENABLE=0 -D__MCUXPRESSO -D__USE_CMSIS -DDEBUG -I"C:\Users\asyou\Desktop\Tmp\nxpcup\drivers" -I"C:\Users\asyou\Desktop\Tmp\nxpcup\CMSIS" -I"C:\Users\asyou\Desktop\Tmp\nxpcup\CMSIS\m-profile" -I"C:\Users\asyou\Desktop\Tmp\nxpcup\device" -I"C:\Users\asyou\Desktop\Tmp\nxpcup\device\periph" -I"C:\Users\asyou\Desktop\Tmp\nxpcup\utilities" -I"C:\Users\asyou\Desktop\Tmp\nxpcup\utilities\str" -I"C:\Users\asyou\Desktop\Tmp\nxpcup\utilities\debug_console_lite" -I"C:\Users\asyou\Desktop\Tmp\nxpcup\component\uart" -I"C:\Users\asyou\Desktop\Tmp\nxpcup\CMSIS_driver\Include" -I"C:\Users\asyou\Desktop\Tmp\nxpcup\board" -I"C:\Users\asyou\Desktop\Tmp\nxpcup\source" -I"C:\Users\asyou\Desktop\Tmp\nxpcup\include" -O0 -fno-common -g3 -gdwarf-4 -mcpu=cortex-m33 -c -ffunction-sections -fdata-sections -fno-builtin -imacros "C:\Users\asyou\Desktop\Tmp\nxpcup\source\mcux_config.h" -fmerge-constants -fmacro-prefix-map="../startup/"= -mcpu=cortex-m33 -mfpu=fpv5-sp-d16 -mfloat-abi=hard -mthumb -D__REDLIB__ -fstack-usage -specs=redlib.specs -MMD -MP -MF"startup/boot_multicore_slave.d" -MT"startup/boot_multicore_slave.o" -MT"startup/boot_multicore_slave.d" -o "startup/boot_multicore_slave.o" "../startup/boot_multicore_slave.c"
Building file: ../source/esc.c
Building file: ../source/hbridge.c
Invoking: MCU C Compiler
arm-none-eabi-gcc -std=gnu99 -D__REDLIB__ -DCPU_MCXN947VDF -DCPU_MCXN947VDF_cm33 -DCPU_MCXN947VDF_cm33_core0 -DMCUXPRESSO_SDK -DSDK_DEBUGCONSOLE=0 -DMCUX_META_BUILD -DMCXN947_cm33_core0_SERIES -DCR_INTEGER_PRINTF -DPRINTF_FLOAT_ENABLE=0 -D__MCUXPRESSO -D__USE_CMSIS -DDEBUG -I"C:\Users\asyou\Desktop\Tmp\nxpcup\drivers" -I"C:\Users\asyou\Desktop\Tmp\nxpcup\CMSIS" -I"C:\Users\asyou\Desktop\Tmp\nxpcup\CMSIS\m-profile" -I"C:\Users\asyou\Desktop\Tmp\nxpcup\device" -I"C:\Users\asyou\Desktop\Tmp\nxpcup\device\periph" -I"C:\Users\asyou\Desktop\Tmp\nxpcup\utilities" -I"C:\Users\asyou\Desktop\Tmp\nxpcup\utilities\str" -I"C:\Users\asyou\Desktop\Tmp\nxpcup\utilities\debug_console_lite" -I"C:\Users\asyou\Desktop\Tmp\nxpcup\component\uart" -I"C:\Users\asyou\Desktop\Tmp\nxpcup\CMSIS_driver\Include" -I"C:\Users\asyou\Desktop\Tmp\nxpcup\board" -I"C:\Users\asyou\Desktop\Tmp\nxpcup\source" -I"C:\Users\asyou\Desktop\Tmp\nxpcup\include" -O0 -fno-common -g3 -gdwarf-4 -mcpu=cortex-m33 -c -ffunction-sections -fdata-sections -fno-builtin -imacros "C:\Users\asyou\Desktop\Tmp\nxpcup\source\mcux_config.h" -fmerge-constants -fmacro-prefix-map="../startup/"= -mcpu=cortex-m33 -mfpu=fpv5-sp-d16 -mfloat-abi=hard -mthumb -D__REDLIB__ -fstack-usage -specs=redlib.specs -MMD -MP -MF"startup/startup_mcxn947_cm33_core0.d" -MT"startup/startup_mcxn947_cm33_core0.o" -MT"startup/startup_mcxn947_cm33_core0.d" -o "startup/startup_mcxn947_cm33_core0.o" "../startup/startup_mcxn947_cm33_core0.c"
Building file: ../source/main.c
Invoking: MCU C Compiler
Invoking: MCU C Compiler
arm-none-eabi-gcc -std=gnu99 -D__REDLIB__ -DCPU_MCXN947VDF -DCPU_MCXN947VDF_cm33 -DCPU_MCXN947VDF_cm33_core0 -DMCUXPRESSO_SDK -DSDK_DEBUGCONSOLE=0 -DMCUX_META_BUILD -DMCXN947_cm33_core0_SERIES -DCR_INTEGER_PRINTF -DPRINTF_FLOAT_ENABLE=0 -D__MCUXPRESSO -D__USE_CMSIS -DDEBUG -I"C:\Users\asyou\Desktop\Tmp\nxpcup\drivers" -I"C:\Users\asyou\Desktop\Tmp\nxpcup\CMSIS" -I"C:\Users\asyou\Desktop\Tmp\nxpcup\CMSIS\m-profile" -I"C:\Users\asyou\Desktop\Tmp\nxpcup\device" -I"C:\Users\asyou\Desktop\Tmp\nxpcup\device\periph" -I"C:\Users\asyou\Desktop\Tmp\nxpcup\utilities" -I"C:\Users\asyou\Desktop\Tmp\nxpcup\utilities\str" -I"C:\Users\asyou\Desktop\Tmp\nxpcup\utilities\debug_console_lite" -I"C:\Users\asyou\Desktop\Tmp\nxpcup\component\uart" -I"C:\Users\asyou\Desktop\Tmp\nxpcup\CMSIS_driver\Include" -I"C:\Users\asyou\Desktop\Tmp\nxpcup\board" -I"C:\Users\asyou\Desktop\Tmp\nxpcup\source" -I"C:\Users\asyou\Desktop\Tmp\nxpcup\include" -O0 -fno-common -g3 -gdwarf-4 -mcpu=cortex-m33 -c -ffunction-sections -fdata-sections -fno-builtin -imacros "C:\Users\asyou\Desktop\Tmp\nxpcup\source\mcux_config.h" -fmerge-constants -fmacro-prefix-map="../source/"= -mcpu=cortex-m33 -mfpu=fpv5-sp-d16 -mfloat-abi=hard -mthumb -D__REDLIB__ -fstack-usage -specs=redlib.specs -MMD -MP -MF"source/hbridge.d" -MT"source/hbridge.o" -MT"source/hbridge.d" -o "source/hbridge.o" "../source/hbridge.c"
arm-none-eabi-gcc -std=gnu99 -D__REDLIB__ -DCPU_MCXN947VDF -DCPU_MCXN947VDF_cm33 -DCPU_MCXN947VDF_cm33_core0 -DMCUXPRESSO_SDK -DSDK_DEBUGCONSOLE=0 -DMCUX_META_BUILD -DMCXN947_cm33_core0_SERIES -DCR_INTEGER_PRINTF -DPRINTF_FLOAT_ENABLE=0 -D__MCUXPRESSO -D__USE_CMSIS -DDEBUG -I"C:\Users\asyou\Desktop\Tmp\nxpcup\drivers" -I"C:\Users\asyou\Desktop\Tmp\nxpcup\CMSIS" -I"C:\Users\asyou\Desktop\Tmp\nxpcup\CMSIS\m-profile" -I"C:\Users\asyou\Desktop\Tmp\nxpcup\device" -I"C:\Users\asyou\Desktop\Tmp\nxpcup\device\periph" -I"C:\Users\asyou\Desktop\Tmp\nxpcup\utilities" -I"C:\Users\asyou\Desktop\Tmp\nxpcup\utilities\str" -I"C:\Users\asyou\Desktop\Tmp\nxpcup\utilities\debug_console_lite" -I"C:\Users\asyou\Desktop\Tmp\nxpcup\component\uart" -I"C:\Users\asyou\Desktop\Tmp\nxpcup\CMSIS_driver\Include" -I"C:\Users\asyou\Desktop\Tmp\nxpcup\board" -I"C:\Users\asyou\Desktop\Tmp\nxpcup\source" -I"C:\Users\asyou\Desktop\Tmp\nxpcup\include" -O0 -fno-common -g3 -gdwarf-4 -mcpu=cortex-m33 -c -ffunction-sections -fdata-sections -fno-builtin -imacros "C:\Users\asyou\Desktop\Tmp\nxpcup\source\mcux_config.h" -fmerge-constants -fmacro-prefix-map="../source/"= -mcpu=cortex-m33 -mfpu=fpv5-sp-d16 -mfloat-abi=hard -mthumb -D__REDLIB__ -fstack-usage -specs=redlib.specs -MMD -MP -MF"source/esc.d" -MT"source/esc.o" -MT"source/esc.d" -o "source/esc.o" "../source/esc.c"
Building file: ../source/pixy.c
Building file: ../source/servo.c
Building file: ../source/semihost_hardfault.c
Invoking: MCU C Compiler
Invoking: MCU C Compiler
Invoking: MCU C Compiler
arm-none-eabi-gcc -std=gnu99 -D__REDLIB__ -DCPU_MCXN947VDF -DCPU_MCXN947VDF_cm33 -DCPU_MCXN947VDF_cm33_core0 -DMCUXPRESSO_SDK -DSDK_DEBUGCONSOLE=0 -DMCUX_META_BUILD -DMCXN947_cm33_core0_SERIES -DCR_INTEGER_PRINTF -DPRINTF_FLOAT_ENABLE=0 -D__MCUXPRESSO -D__USE_CMSIS -DDEBUG -I"C:\Users\asyou\Desktop\Tmp\nxpcup\drivers" -I"C:\Users\asyou\Desktop\Tmp\nxpcup\CMSIS" -I"C:\Users\asyou\Desktop\Tmp\nxpcup\CMSIS\m-profile" -I"C:\Users\asyou\Desktop\Tmp\nxpcup\device" -I"C:\Users\asyou\Desktop\Tmp\nxpcup\device\periph" -I"C:\Users\asyou\Desktop\Tmp\nxpcup\utilities" -I"C:\Users\asyou\Desktop\Tmp\nxpcup\utilities\str" -I"C:\Users\asyou\Desktop\Tmp\nxpcup\utilities\debug_console_lite" -I"C:\Users\asyou\Desktop\Tmp\nxpcup\component\uart" -I"C:\Users\asyou\Desktop\Tmp\nxpcup\CMSIS_driver\Include" -I"C:\Users\asyou\Desktop\Tmp\nxpcup\board" -I"C:\Users\asyou\Desktop\Tmp\nxpcup\source" -I"C:\Users\asyou\Desktop\Tmp\nxpcup\include" -O0 -fno-common -g3 -gdwarf-4 -mcpu=cortex-m33 -c -ffunction-sections -fdata-sections -fno-builtin -imacros "C:\Users\asyou\Desktop\Tmp\nxpcup\source\mcux_config.h" -fmerge-constants -fmacro-prefix-map="../source/"= -mcpu=cortex-m33 -mfpu=fpv5-sp-d16 -mfloat-abi=hard -mthumb -D__REDLIB__ -fstack-usage -specs=redlib.specs -MMD -MP -MF"source/main.d" -MT"source/main.o" -MT"source/main.d" -o "source/main.o" "../source/main.c"
arm-none-eabi-gcc -std=gnu99 -D__REDLIB__ -DCPU_MCXN947VDF -DCPU_MCXN947VDF_cm33 -DCPU_MCXN947VDF_cm33_core0 -DMCUXPRESSO_SDK -DSDK_DEBUGCONSOLE=0 -DMCUX_META_BUILD -DMCXN947_cm33_core0_SERIES -DCR_INTEGER_PRINTF -DPRINTF_FLOAT_ENABLE=0 -D__MCUXPRESSO -D__USE_CMSIS -DDEBUG -I"C:\Users\asyou\Desktop\Tmp\nxpcup\drivers" -I"C:\Users\asyou\Desktop\Tmp\nxpcup\CMSIS" -I"C:\Users\asyou\Desktop\Tmp\nxpcup\CMSIS\m-profile" -I"C:\Users\asyou\Desktop\Tmp\nxpcup\device" -I"C:\Users\asyou\Desktop\Tmp\nxpcup\device\periph" -I"C:\Users\asyou\Desktop\Tmp\nxpcup\utilities" -I"C:\Users\asyou\Desktop\Tmp\nxpcup\utilities\str" -I"C:\Users\asyou\Desktop\Tmp\nxpcup\utilities\debug_console_lite" -I"C:\Users\asyou\Desktop\Tmp\nxpcup\component\uart" -I"C:\Users\asyou\Desktop\Tmp\nxpcup\CMSIS_driver\Include" -I"C:\Users\asyou\Desktop\Tmp\nxpcup\board" -I"C:\Users\asyou\Desktop\Tmp\nxpcup\source" -I"C:\Users\asyou\Desktop\Tmp\nxpcup\include" -O0 -fno-common -g3 -gdwarf-4 -mcpu=cortex-m33 -c -ffunction-sections -fdata-sections -fno-builtin -imacros "C:\Users\asyou\Desktop\Tmp\nxpcup\source\mcux_config.h" -fmerge-constants -fmacro-prefix-map="../source/"= -mcpu=cortex-m33 -mfpu=fpv5-sp-d16 -mfloat-abi=hard -mthumb -D__REDLIB__ -fstack-usage -specs=redlib.specs -MMD -MP -MF"source/pixy.d" -MT"source/pixy.o" -MT"source/pixy.d" -o "source/pixy.o" "../source/pixy.c"
Invoking: MCU C Compiler
arm-none-eabi-gcc -std=gnu99 -D__REDLIB__ -DCPU_MCXN947VDF -DCPU_MCXN947VDF_cm33 -DCPU_MCXN947VDF_cm33_core0 -DMCUXPRESSO_SDK -DSDK_DEBUGCONSOLE=0 -DMCUX_META_BUILD -DMCXN947_cm33_core0_SERIES -DCR_INTEGER_PRINTF -DPRINTF_FLOAT_ENABLE=0 -D__MCUXPRESSO -D__USE_CMSIS -DDEBUG -I"C:\Users\asyou\Desktop\Tmp\nxpcup\drivers" -I"C:\Users\asyou\Desktop\Tmp\nxpcup\CMSIS" -I"C:\Users\asyou\Desktop\Tmp\nxpcup\CMSIS\m-profile" -I"C:\Users\asyou\Desktop\Tmp\nxpcup\device" -I"C:\Users\asyou\Desktop\Tmp\nxpcup\device\periph" -I"C:\Users\asyou\Desktop\Tmp\nxpcup\utilities" -I"C:\Users\asyou\Desktop\Tmp\nxpcup\utilities\str" -I"C:\Users\asyou\Desktop\Tmp\nxpcup\utilities\debug_console_lite" -I"C:\Users\asyou\Desktop\Tmp\nxpcup\component\uart" -I"C:\Users\asyou\Desktop\Tmp\nxpcup\CMSIS_driver\Include" -I"C:\Users\asyou\Desktop\Tmp\nxpcup\board" -I"C:\Users\asyou\Desktop\Tmp\nxpcup\source" -I"C:\Users\asyou\Desktop\Tmp\nxpcup\include" -O0 -fno-common -g3 -gdwarf-4 -mcpu=cortex-m33 -c -ffunction-sections -fdata-sections -fno-builtin -imacros "C:\Users\asyou\Desktop\Tmp\nxpcup\source\mcux_config.h" -fmerge-constants -fmacro-prefix-map="../source/"= -mcpu=cortex-m33 -mfpu=fpv5-sp-d16 -mfloat-abi=hard -mthumb -D__REDLIB__ -fstack-usage -specs=redlib.specs -MMD -MP -MF"source/servo.d" -MT"source/servo.o" -MT"source/servo.d" -o "source/servo.o" "../source/servo.c"
arm-none-eabi-gcc -std=gnu99 -D__REDLIB__ -DCPU_MCXN947VDF -DCPU_MCXN947VDF_cm33 -DCPU_MCXN947VDF_cm33_core0 -DMCUXPRESSO_SDK -DSDK_DEBUGCONSOLE=0 -DMCUX_META_BUILD -DMCXN947_cm33_core0_SERIES -DCR_INTEGER_PRINTF -DPRINTF_FLOAT_ENABLE=0 -D__MCUXPRESSO -D__USE_CMSIS -DDEBUG -I"C:\Users\asyou\Desktop\Tmp\nxpcup\drivers" -I"C:\Users\asyou\Desktop\Tmp\nxpcup\CMSIS" -I"C:\Users\asyou\Desktop\Tmp\nxpcup\CMSIS\m-profile" -I"C:\Users\asyou\Desktop\Tmp\nxpcup\device" -I"C:\Users\asyou\Desktop\Tmp\nxpcup\device\periph" -I"C:\Users\asyou\Desktop\Tmp\nxpcup\utilities" -I"C:\Users\asyou\Desktop\Tmp\nxpcup\utilities\str" -I"C:\Users\asyou\Desktop\Tmp\nxpcup\utilities\debug_console_lite" -I"C:\Users\asyou\Desktop\Tmp\nxpcup\component\uart" -I"C:\Users\asyou\Desktop\Tmp\nxpcup\CMSIS_driver\Include" -I"C:\Users\asyou\Desktop\Tmp\nxpcup\board" -I"C:\Users\asyou\Desktop\Tmp\nxpcup\source" -I"C:\Users\asyou\Desktop\Tmp\nxpcup\include" -O0 -fno-common -g3 -gdwarf-4 -mcpu=cortex-m33 -c -ffunction-sections -fdata-sections -fno-builtin -imacros "C:\Users\asyou\Desktop\Tmp\nxpcup\source\mcux_config.h" -fmerge-constants -fmacro-prefix-map="../source/"= -mcpu=cortex-m33 -mfpu=fpv5-sp-d16 -mfloat-abi=hard -mthumb -D__REDLIB__ -fstack-usage -specs=redlib.specs -MMD -MP -MF"source/semihost_hardfault.d" -MT"source/semihost_hardfault.o" -MT"source/semihost_hardfault.d" -o "source/semihost_hardfault.o" "../source/semihost_hardfault.c"
Finished building: ../utilities/fsl_memcpy.S
 
Finished building: ../startup/boot_multicore_slave.c
Finished building: ../source/semihost_hardfault.c
 
Building file: ../source/simple_movement.c
Invoking: MCU C Compiler
Building file: ../drivers/fsl_clock.c
arm-none-eabi-gcc -std=gnu99 -D__REDLIB__ -DCPU_MCXN947VDF -DCPU_MCXN947VDF_cm33 -DCPU_MCXN947VDF_cm33_core0 -DMCUXPRESSO_SDK -DSDK_DEBUGCONSOLE=0 -DMCUX_META_BUILD -DMCXN947_cm33_core0_SERIES -DCR_INTEGER_PRINTF -DPRINTF_FLOAT_ENABLE=0 -D__MCUXPRESSO -D__USE_CMSIS -DDEBUG -I"C:\Users\asyou\Desktop\Tmp\nxpcup\drivers" -I"C:\Users\asyou\Desktop\Tmp\nxpcup\CMSIS" -I"C:\Users\asyou\Desktop\Tmp\nxpcup\CMSIS\m-profile" -I"C:\Users\asyou\Desktop\Tmp\nxpcup\device" -I"C:\Users\asyou\Desktop\Tmp\nxpcup\device\periph" -I"C:\Users\asyou\Desktop\Tmp\nxpcup\utilities" -I"C:\Users\asyou\Desktop\Tmp\nxpcup\utilities\str" -I"C:\Users\asyou\Desktop\Tmp\nxpcup\utilities\debug_console_lite" -I"C:\Users\asyou\Desktop\Tmp\nxpcup\component\uart" -I"C:\Users\asyou\Desktop\Tmp\nxpcup\CMSIS_driver\Include" -I"C:\Users\asyou\Desktop\Tmp\nxpcup\board" -I"C:\Users\asyou\Desktop\Tmp\nxpcup\source" -I"C:\Users\asyou\Desktop\Tmp\nxpcup\include" -O0 -fno-common -g3 -gdwarf-4 -mcpu=cortex-m33 -c -ffunction-sections -fdata-sections -fno-buil 
tin -imacros "C:\Users\asyou\Desktop\Tmp\nxpcup\source\mcux_config.h" -fmerge-constants -fmacro-prefix-map="../source/"= -mcpu=cortex-m33 -mfpu=fpv5-sp-d16 -mfloat-abi=hard -mthumb -D__REDLIB__ -fstack-usage -specs=redlib.specs -MMD -MP -MF"source/simple_movement.d" -MT"source/simple_movement.o" -MT"source/simple_movement.d" -o "source/simple_movement.o" "../source/simple_movement.c"
Invoking: MCU C Compiler
Building file: ../drivers/fsl_common.c
arm-none-eabi-gcc -std=gnu99 -D__REDLIB__ -DCPU_MCXN947VDF -DCPU_MCXN947VDF_cm33 -DCPU_MCXN947VDF_cm33_core0 -DMCUXPRESSO_SDK -DSDK_DEBUGCONSOLE=0 -DMCUX_META_BUILD -DMCXN947_cm33_core0_SERIES -DCR_INTEGER_PRINTF -DPRINTF_FLOAT_ENABLE=0 -D__MCUXPRESSO -D__USE_CMSIS -DDEBUG -I"C:\Users\asyou\Desktop\Tmp\nxpcup\drivers" -I"C:\Users\asyou\Desktop\Tmp\nxpcup\CMSIS" -I"C:\Users\asyou\Desktop\Tmp\nxpcup\CMSIS\m-profile" -I"C:\Users\asyou\Desktop\Tmp\nxpcup\device" -I"C:\Users\asyou\Desktop\Tmp\nxpcup\device\periph" -I"C:\Users\asyou\Desktop\Tmp\nxpcup\utilities" -I"C:\Users\asyou\Desktop\Tmp\nxpcup\utilities\str" -I"C:\Users\asyou\Desktop\Tmp\nxpcup\utilities\debug_console_lite" -I"C:\Users\asyou\Desktop\Tmp\nxpcup\component\uart" -I"C:\Users\asyou\Desktop\Tmp\nxpcup\CMSIS_driver\Include" -I"C:\Users\asyou\Desktop\Tmp\nxpcup\board" -I"C:\Users\asyou\Desktop\Tmp\nxpcup\source" -I"C:\Users\asyou\Desktop\Tmp\nxpcup\include" -O0 -fno-common -g3 -gdwarf-4 -mcpu=cortex-m33 -c -ffunction-sections -fdata-sections -fno-builtin -imacros "C:\Users\asyou\Desktop\Tmp\nxpcup\source\mcux_config.h" -fmerge-constants -fmacro-prefix-map="../drivers/"= -mcpu=cortex-m33 -mfpu=fpv5-sp-d16 -mfloat-abi=hard -mthumb -D__REDLIB__ -fstack-usage -specs=redlib.specs -MMD -MP -MF"drivers/fsl_clock.d" -MT"drivers/fsl_clock.o" -MT"drivers/fsl_clock.d" -o "drivers/fsl_clock.o" "../drivers/fsl_clock.c"
Finished building: ../startup/startup_mcxn947_cm33_core0.c
Invoking: MCU C Compiler
arm-none-eabi-gcc -std=gnu99 -D__REDLIB__ -DCPU_MCXN947VDF -DCPU_MCXN947VDF_cm33 -DCPU_MCXN947VDF_cm33_core0 -DMCUXPRESSO_SDK -DSDK_DEBUGCONSOLE=0 -DMCUX_META_BUILD -DMCXN947_cm33_core0_SERIES -DCR_INTEGER_PRINTF -DPRINTF_FLOAT_ENABLE=0 -D__MCUXPRESSO -D__USE_CMSIS -DDEBUG -I"C:\Users\asyou\Desktop\Tmp\nxpcup\drivers" -I"C:\Users\asyou\Desktop\Tmp\nxpcup\CMSIS" -I"C:\Users\asyou\Desktop\Tmp\nxpcup\CMSIS\m-profile" -I"C:\Users\asyou\Desktop\Tmp\nxpcup\device" -I"C:\Users\asyou\Desktop\Tmp\nxpcup\device\periph" -I"C:\Users\asyou\Desktop\Tmp\nxpcup\utilities" -I"C:\Users\asyou\Desktop\Tmp\nxpcup\utilities\str" -I"C:\Users\asyou\Desktop\Tmp\nxpcup\utilities\debug_console_lite" -I"C:\Users\asyou\Desktop\Tmp\nxpcup\component\uart" -I"C:\Users\asyou\Desktop\Tmp\nxpcup\CMSIS_driver\Include" -I"C:\Users\asyou\Desktop\Tmp\nxpcup\board" -I"C:\Users\asyou\Desktop\Tmp\nxpcup\source" -I"C:\Users\asyou\Desktop\Tmp\nxpcup\include" -O0 -fno-common -g3 -gdwarf-4 -mcpu=cortex-m33 -c -ffunction-sections -fdata-sections -fno-builtin -imacros "C:\Users\asyou\Desktop\Tmp\nxpcup\source\mcux_config.h" -fmerge-constants -fmacro-prefix-map="../drivers/"= -mcpu=cortex-m33 -mfpu=fpv5-sp-d16 -mfloat-abi=hard -mthumb -D__REDLIB__ -fstack-usage -specs=redlib.specs -MMD -MP -MF"drivers/fsl_common.d" -MT"drivers/fsl_common.o" -MT"drivers/fsl_common.d" -o "drivers/fsl_common.o" "../drivers/fsl_common.c"
 
Building file: ../drivers/fsl_common_arm.c
Invoking: MCU C Compiler
arm-none-eabi-gcc -std=gnu99 -D__REDLIB__ -DCPU_MCXN947VDF -DCPU_MCXN947VDF_cm33 -DCPU_MCXN947VDF_cm33_core0 -DMCUXPRESSO_SDK -DSDK_DEBUGCONSOLE=0 -DMCUX_META_BUILD -DMCXN947_cm33_core0_SERIES -DCR_INTEGER_PRINTF -DPRINTF_FLOAT_ENABLE=0 -D__MCUXPRESSO -D__USE_CMSIS -DDEBUG -I"C:\Users\asyou\Desktop\Tmp\nxpcup\drivers" -I"C:\Users\asyou\Desktop\Tmp\nxpcup\CMSIS" -I"C:\Users\asyou\Desktop\Tmp\nxpcup\CMSIS\m-profile" -I"C:\Users\asyou\Desktop\Tmp\nxpcup\device" -I"C:\Users\asyou\Desktop\Tmp\nxpcup\device\periph" -I"C:\Users\asyou\Desktop\Tmp\nxpcup\utilities" -I"C:\Users\asyou\Desktop\Tmp\nxpcup\utilities\str" -I"C:\Users\asyou\Desktop\Tmp\nxpcup\utilities\debug_console_lite" -I"C:\Users\asyou\Desktop\Tmp\nxpcup\component\uart" -I"C:\Users\asyou\Desktop\Tmp\nxpcup\CMSIS_driver\Include" -I"C:\Users\asyou\Desktop\Tmp\nxpcup\board" -I"C:\Users\asyou\Desktop\Tmp\nxpcup\source" -I"C:\Users\asyou\Desktop\Tmp\nxpcup\include" -O0 -fno-common -g3 -gdwarf-4 -mcpu=cortex-m33 -c -ffunction-sections -fdata-sections -fno-builtin -imacros "C:\Users\asyou\Desktop\Tmp\nxpcup\source\mcux_config.h" -fmerge-constants -fmacro-prefix-map="../drivers/"= -mcpu=cortex-m33 -mfpu=fpv5-sp-d16 -mfloat-abi=hard -mthumb -D__REDLIB__ -fstack-usage -specs=redlib.specs -MMD -MP -MF"drivers/fsl_common_arm.d" -MT"drivers/fsl_common_arm.o" -MT"drivers/fsl_common_arm.d" -o "drivers/fsl_common_arm.o" "../drivers/fsl_common_arm.c"
Finished building: ../utilities/debug_console_lite/fsl_debug_console.c
Finished building: ../utilities/fsl_assert.c
 
 
Building file: ../drivers/fsl_ctimer.c
Building file: ../drivers/fsl_edma.c
Invoking: MCU C Compiler
arm-none-eabi-gcc -std=gnu99 -D__REDLIB__ -DCPU_MCXN947VDF -DCPU_MCXN947VDF_cm33 -DCPU_MCXN947VDF_cm33_core0 -DMCUXPRESSO_SDK -DSDK_DEBUGCONSOLE=0 -DMCUX_META_BUILD -DMCXN947_cm33_core0_SERIES -DCR_INTEGER_PRINTF -DPRINTF_FLOAT_ENABLE=0 -D__MCUXPRESSO -D__USE_CMSIS -DDEBUG -I"C:\Users\asyou\Desktop\Tmp\nxpcup\drivers" -I"C:\Users\asyou\Desktop\Tmp\nxpcup\CMSIS" -I"C:\Users\asyou\Desktop\Tmp\nxpcup\CMSIS\m-profile" -I"C:\Users\asyou\Desktop\Tmp\nxpcup\device" -I"C:\Users\asyou\Desktop\Tmp\nxpcup\device\periph" -I"C:\Users\asyou\Desktop\Tmp\nxpcup\utilities" -I"C:\Users\asyou\Desktop\Tmp\nxpcup\utilities\str" -I"C:\Users\asyou\Desktop\Tmp\nxpcup\utilities\debug_console_lite" -I"C:\Users\asyou\Desktop\Tmp\nxpcup\component\uart" -I"C:\Users\asyou\Desktop\Tmp\nxpcup\CMSIS_driver\Include" -I"C:\Users\asyou\Desktop\Tmp\nxpcup\board" -I"C:\Users\asyou\Desktop\Tmp\nxpcup\source" -I"C:\Users\asyou\Desktop\Tmp\nxpcup\include" -O0 -fno-common -g3 -gdwarf-4 -mcpu=cortex-m33 -c -ffunction-sections -fdata-sections -fno-builtin -imacros "C:\Users\asyou\Desktop\Tmp\nxpcup\source\mcux_config.h" -fmerge-constants -fmacro-prefix-map="../drivers/"= -mcpu=cortex-m33 -mfpu=fpv5-sp-d16 -mfloat-abi=hard -mthumb -D__REDLIB__ -fstack-usage -specs=redlib.specs -MMD -MP -MF"drivers/fsl_ctimer.d" -MT"drivers/fsl_ctimer.o" -MT"drivers/fsl_ctimer.d" -o "drivers/fsl_ctimer.o" "../drivers/fsl_ctimer.c"
Finished building: ../source/esc.c
Invoking: MCU C Compiler
arm-none-eabi-gcc -std=gnu99 -D__REDLIB__ -DCPU_MCXN947VDF -DCPU_MCXN947VDF_cm33 -DCPU_MCXN947VDF_cm33_core0 -DMCUXPRESSO_SDK -DSDK_DEBUGCONSOLE=0 -DMCUX_META_BUILD -DMCXN947_cm33_core0_SERIES -DCR_INTEGER_PRINTF -DPRINTF_FLOAT_ENABLE=0 -D__MCUXPRESSO -D__USE_CMSIS -DDEBUG -I"C:\Users\asyou\Desktop\Tmp\nxpcup\drivers" -I"C:\Users\asyou\Desktop\Tmp\nxpcup\CMSIS" -I"C:\Users\asyou\Desktop\Tmp\nxpcup\CMSIS\m-profile" -I"C:\Users\asyou\Desktop\Tmp\nxpcup\device" -I"C:\Users\asyou\Desktop\Tmp\nxpcup\device\periph" -I"C:\Users\asyou\Desktop\Tmp\nxpcup\utilities" -I"C:\Users\asyou\Desktop\Tmp\nxpcup\utilities\str" -I"C:\Users\asyou\Desktop\Tmp\nxpcup\utilities\debug_console_lite" -I"C:\Users\asyou\Desktop\Tmp\nxpcup\component\uart" -I"C:\Users\asyou\Desktop\Tmp\nxpcup\CMSIS_driver\Include" -I"C:\Users\asyou\Desktop\Tmp\nxpcup\board" -I"C:\Users\asyou\Desktop\Tmp\nxpcup\source" -I"C:\Users\asyou\Desktop\Tmp\nxpcup\include" -O0 -fno-common -g3 -gdwarf-4 -mcpu=cortex-m33 -c -ffunction-sections -fdata-sections -fno-builtin -imacros "C:\Users\asyou\Desktop\Tmp\nxpcup\source\mcux_config.h" -fmerge-constants -fmacro-prefix-map="../drivers/"= -mcpu=cortex-m33 -mfpu=fpv5-sp-d16 -mfloat-abi=hard -mthumb -D__REDLIB__ -fstack-usage -specs=redlib.specs -MMD -MP -MF"drivers/fsl_edma.d" -MT"drivers/fsl_edma.o" -MT"drivers/fsl_edma.d" -o "drivers/fsl_edma.o" "../drivers/fsl_edma.c"
Finished building: ../utilities/str/fsl_str.c
 
 
Building file: ../drivers/fsl_edma_soc.c
Building file: ../drivers/fsl_gpio.c
Invoking: MCU C Compiler
arm-none-eabi-gcc -std=gnu99 -D__REDLIB__ -DCPU_MCXN947VDF -DCPU_MCXN947VDF_cm33 -DCPU_MCXN947VDF_cm33_core0 -DMCUXPRESSO_SDK -DSDK_DEBUGCONSOLE=0 -DMCUX_META_BUILD -DMCXN947_cm33_core0_SERIES -DCR_INTEGER_PRINTF -DPRINTF_FLOAT_ENABLE=0 -D__MCUXPRESSO -D__USE_CMSIS -DDEBUG -I"C:\Users\asyou\Desktop\Tmp\nxpcup\drivers" -I"C:\Users\asyou\Desktop\Tmp\nxpcup\CMSIS" -I"C:\Users\asyou\Desktop\Tmp\nxpcup\CMSIS\m-profile" -I"C:\Users\asyou\Desktop\Tmp\nxpcup\device" -I"C:\Users\asyou\Desktop\Tmp\nxpcup\device\periph" -I"C:\Users\asyou\Desktop\Tmp\nxpcup\utilities" -I"C:\Users\asyou\Desktop\Tmp\nxpcup\utilities\str" -I"C:\Users\asyou\Desktop\Tmp\nxpcup\utilities\debug_console_lite" -I"C:\Users\asyou\Desktop\Tmp\nxpcup\component\uart" -I"C:\Users\asyou\Desktop\Tmp\nxpcup\CMSIS_driver\Include" -I"C:\Users\asyou\Desktop\Tmp\nxpcup\board" -I"C:\Users\asyou\Desktop\Tmp\nxpcup\source" -I"C:\Users\asyou\Desktop\Tmp\nxpcup\include" -O0 -fno-common -g3 -gdwarf-4 -mcpu=cortex-m33 -c -ffunction-sections -fdata-sections -fno-builtin -imacros "C:\Users\asyou\Desktop\Tmp\nxpcup\source\mcux_config.h" -fmerge-constants -fmacro-prefix-map="../drivers/"= -mcpu=cortex-m33 -mfpu=fpv5-sp-d16 -mfloat-abi=hard -mthumb -D__REDLIB__ -fstack-usage -specs=redlib.specs -MMD -MP -MF"drivers/fsl_gpio.d" -MT"drivers/fsl_gpio.o" -MT"drivers/fsl_gpio.d" -o "drivers/fsl_gpio.o" "../drivers/fsl_gpio.c"
Invoking: MCU C Compiler
arm-none-eabi-gcc -std=gnu99 -D__REDLIB__ -DCPU_MCXN947VDF -DCPU_MCXN947VDF_cm33 -DCPU_MCXN947VDF_cm33_core0 -DMCUXPRESSO_SDK -DSDK_DEBUGCONSOLE=0 -DMCUX_META_BUILD -DMCXN947_cm33_core0_SERIES -DCR_INTEGER_PRINTF -DPRINTF_FLOAT_ENABLE=0 -D__MCUXPRESSO -D__USE_CMSIS -DDEBUG -I"C:\Users\asyou\Desktop\Tmp\nxpcup\drivers" -I"C:\Users\asyou\Desktop\Tmp\nxpcup\CMSIS" -I"C:\Users\asyou\Desktop\Tmp\nxpcup\CMSIS\m-profile" -I"C:\Users\asyou\Desktop\Tmp\nxpcup\device" -I"C:\Users\asyou\Desktop\Tmp\nxpcup\device\periph" -I"C:\Users\asyou\Desktop\Tmp\nxpcup\utilities" -I"C:\Users\asyou\Desktop\Tmp\nxpcup\utilities\str" -I"C:\Users\asyou\Desktop\Tmp\nxpcup\utilities\debug_console_lite" -I"C:\Users\asyou\Desktop\Tmp\nxpcup\component\uart" -I"C:\Users\asyou\Desktop\Tmp\nxpcup\CMSIS_driver\Include" -I"C:\Users\asyou\Desktop\Tmp\nxpcup\board" -I"C:\Users\asyou\Desktop\Tmp\nxpcup\source" -I"C:\Users\asyou\Desktop\Tmp\nxpcup\include" -O0 -fno-common -g3 -gdwarf-4 -mcpu=cortex-m33 -c -ffunction-sections -fdata-sections -fno-builtin -imacros "C:\Users\asyou\Desktop\Tmp\nxpcup\source\mcux_config.h" -fmerge-constants -fmacro-prefix-map="../drivers/"= -mcpu=cortex-m33 -mfpu=fpv5-sp-d16 -mfloat-abi=hard -mthumb -D__REDLIB__ -fstack-usage -specs=redlib.specs -MMD -MP -MF"drivers/fsl_edma_soc.d" -MT"drivers/fsl_edma_soc.o" -MT"drivers/fsl_edma_soc.d" -o "drivers/fsl_edma_soc.o" "../drivers/fsl_edma_soc.c"
Finished building: ../source/hbridge.c
Finished building: ../source/servo.c
Finished building: ../source/main.c
 
 
 
Building file: ../drivers/fsl_lpflexcomm.c
Building file: ../drivers/fsl_inputmux.c
Invoking: MCU C Compiler
arm-none-eabi-gcc -std=gnu99 -D__REDLIB__ -DCPU_MCXN947VDF -DCPU_MCXN947VDF_cm33 -DCPU_MCXN947VDF_cm33_core0 -DMCUXPRESSO_SDK -DSDK_DEBUGCONSOLE=0 -DMCUX_META_BUILD -DMCXN947_cm33_core0_SERIES -DCR_INTEGER_PRINTF -DPRINTF_FLOAT_ENABLE=0 -D__MCUXPRESSO -D__USE_CMSIS -DDEBUG -I"C:\Users\asyou\Desktop\Tmp\nxpcup\drivers" -I"C:\Users\asyou\Desktop\Tmp\nxpcup\CMSIS" -I"C:\Users\asyou\Desktop\Tmp\nxpcup\CMSIS\m-profile" -I"C:\Users\asyou\Desktop\Tmp\nxpcup\device" -I"C:\Users\asyou\Desktop\Tmp\nxpcup\device\periph" -I"C:\Users\asyou\Desktop\Tmp\nxpcup\utilities" -I"C:\Users\asyou\Desktop\Tmp\nxpcup\utilities\str" -I"C:\Users\asyou\Desktop\Tmp\nxpcup\utilities\debug_console_lite" -I"C:\Users\asyou\Desktop\Tmp\nxpcup\component\uart" -I"C:\Users\asyou\Desktop\Tmp\nxpcup\CMSIS_driver\Include" -I"C:\Users\asyou\Desktop\Tmp\nxpcup\board" -I"C:\Users\asyou\Desktop\Tmp\nxpcup\source" -I"C:\Users\asyou\Desktop\Tmp\nxpcup\include" -O0 -fno-common -g3 -gdwarf-4 -mcpu=cortex-m33 -c -ffunction-sections -fdata-sections -fno-builtin -imacros "C:\Users\asyou\Desktop\Tmp\nxpcup\source\mcux_config.h" -fmerge-constants -fmacro-prefix-map="../drivers/"= -mcpu=cortex-m33 -mfpu=fpv5-sp-d16 -mfloat-abi=hard -mthumb -D__REDLIB__ -fstack-usage -specs=redlib.specs -MMD -MP -MF"drivers/fsl_lpflexcomm.d" -MT"drivers/fsl_lpflexcomm.o" -MT"drivers/fsl_lpflexcomm.d" -o "drivers/fsl_lpflexcomm.o" "../drivers/fsl_lpflexcomm.c"
Building file: ../drivers/fsl_lpi2c.c
Finished building: ../source/pixy.c
Invoking: MCU C Compiler
arm-none-eabi-gcc -std=gnu99 -D__REDLIB__ -DCPU_MCXN947VDF -DCPU_MCXN947VDF_cm33 -DCPU_MCXN947VDF_cm33_core0 -DMCUXPRESSO_SDK -DSDK_DEBUGCONSOLE=0 -DMCUX_META_BUILD -DMCXN947_cm33_core0_SERIES -DCR_INTEGER_PRINTF -DPRINTF_FLOAT_ENABLE=0 -D__MCUXPRESSO -D__USE_CMSIS -DDEBUG -I"C:\Users\asyou\Desktop\Tmp\nxpcup\drivers" -I"C:\Users\asyou\Desktop\Tmp\nxpcup\CMSIS" -I"C:\Users\asyou\Desktop\Tmp\nxpcup\CMSIS\m-profile" -I"C:\Users\asyou\Desktop\Tmp\nxpcup\device" -I"C:\Users\asyou\Desktop\Tmp\nxpcup\device\periph" -I"C:\Users\asyou\Desktop\Tmp\nxpcup\utilities" -I"C:\Users\asyou\Desktop\Tmp\nxpcup\utilities\str" -I"C:\Users\asyou\Desktop\Tmp\nxpcup\utilities\debug_console_lite" -I"C:\Users\asyou\Desktop\Tmp\nxpcup\component\uart" -I"C:\Users\asyou\Desktop\Tmp\nxpcup\CMSIS_driver\Include" -I"C:\Users\asyou\Desktop\Tmp\nxpcup\board" -I"C:\Users\asyou\Desktop\Tmp\nxpcup\source" -I"C:\Users\asyou\Desktop\Tmp\nxpcup\include" -O0 -fno-common -g3 -gdwarf-4 -mcpu=cortex-m33 -c -ffunction-sections -fdata-sections -fno-builtin -imacros "C:\Users\asyou\Desktop\Tmp\nxpcup\source\mcux_config.h" -fmerge-constants -fmacro-prefix-map="../drivers/"= -mcpu=cortex-m33 -mfpu=fpv5-sp-d16 -mfloat-abi=hard -mthumb -D__REDLIB__ -fstack-usage -specs=redlib.specs -MMD -MP -MF"drivers/fsl_inputmux.d" -MT"drivers/fsl_inputmux.o" -MT"drivers/fsl_inputmux.d" -o "drivers/fsl_inputmux.o" "../drivers/fsl_inputmux.c"
Invoking: MCU C Compiler
 
arm-none-eabi-gcc -std=gnu99 -D__REDLIB__ -DCPU_MCXN947VDF -DCPU_MCXN947VDF_cm33 -DCPU_MCXN947VDF_cm33_core0 -DMCUXPRESSO_SDK -DSDK_DEBUGCONSOLE=0 -DMCUX_META_BUILD -DMCXN947_cm33_core0_SERIES -DCR_INTEGER_PRINTF -DPRINTF_FLOAT_ENABLE=0 -D__MCUXPRESSO -D__USE_CMSIS -DDEBUG -I"C:\Users\asyou\Desktop\Tmp\nxpcup\drivers" -I"C:\Users\asyou\Desktop\Tmp\nxpcup\CMSIS" -I"C:\Users\asyou\Desktop\Tmp\nxpcup\CMSIS\m-profile" -I"C:\Users\asyou\Desktop\Tmp\nxpcup\device" -I"C:\Users\asyou\Desktop\Tmp\nxpcup\device\periph" -I"C:\Users\asyou\Desktop\Tmp\nxpcup\utilities" -I"C:\Users\asyou\Desktop\Tmp\nxpcup\utilities\str" -I"C:\Users\asyou\Desktop\Tmp\nxpcup\utilities\debug_console_lite" -I"C:\Users\asyou\Desktop\Tmp\nxpcup\component\uart" -I"C:\Users\asyou\Desktop\Tmp\nxpcup\CMSIS_driver\Include" -I"C:\Users\asyou\Desktop\Tmp\nxpcup\board" -I"C:\Users\asyou\Desktop\Tmp\nxpcup\source" -I"C:\Users\asyou\Desktop\Tmp\nxpcup\include" -O0 -fno-common -g3 -gdwarf-4 -mcpu=cortex-m33 -c -ffunction-sections -fdata-sections -fno-builtin -imacros "C:\Users\asyou\Desktop\Tmp\nxpcup\source\mcux_config.h" -fmerge-constants -fmacro-prefix-map="../drivers/"= -mcpu=cortex-m33 -mfpu=fpv5-sp-d16 -mfloat-abi=hard -mthumb -D__REDLIB__ -fstack-usage -specs=redlib.specs -MMD -MP -MF"drivers/fsl_lpi2c.d" -MT"drivers/fsl_lpi2c.o" -MT"drivers/fsl_lpi2c.d" -o "drivers/fsl_lpi2c.o" "../drivers/fsl_lpi2c.c"
Building file: ../drivers/fsl_lpi2c_cmsis.c
Invoking: MCU C Compiler
arm-none-eabi-gcc -std=gnu99 -D__REDLIB__ -DCPU_MCXN947VDF -DCPU_MCXN947VDF_cm33 -DCPU_MCXN947VDF_cm33_core0 -DMCUXPRESSO_SDK -DSDK_DEBUGCONSOLE=0 -DMCUX_META_BUILD -DMCXN947_cm33_core0_SERIES -DCR_INTEGER_PRINTF -DPRINTF_FLOAT_ENABLE=0 -D__MCUXPRESSO -D__USE_CMSIS -DDEBUG -I"C:\Users\asyou\Desktop\Tmp\nxpcup\drivers" -I"C:\Users\asyou\Desktop\Tmp\nxpcup\CMSIS" -I"C:\Users\asyou\Desktop\Tmp\nxpcup\CMSIS\m-profile" -I"C:\Users\asyou\Desktop\Tmp\nxpcup\device" -I"C:\Users\asyou\Desktop\Tmp\nxpcup\device\periph" -I"C:\Users\asyou\Desktop\Tmp\nxpcup\utilities" -I"C:\Users\asyou\Desktop\Tmp\nxpcup\utilities\str" -I"C:\Users\asyou\Desktop\Tmp\nxpcup\utilities\debug_console_lite" -I"C:\Users\asyou\Desktop\Tmp\nxpcup\component\uart" -I"C:\Users\asyou\Desktop\Tmp\nxpcup\CMSIS_driver\Include" -I"C:\Users\asyou\Desktop\Tmp\nxpcup\board" -I"C:\Users\asyou\Desktop\Tmp\nxpcup\source" -I"C:\Users\asyou\Desktop\Tmp\nxpcup\include" -O0 -fno-common -g3 -gdwarf-4 -mcpu=cortex-m33 -c -ffunction-sections -fdata-sections -fno-builtin -imacros "C:\Users\asyou\Desktop\Tmp\nxpcup\source\mcux_config.h" -fmerge-constants -fmacro-prefix-map="../drivers/"= -mcpu=cortex-m33 -mfpu=fpv5-sp-d16 -mfloat-abi=hard -mthumb -D__REDLIB__ -fstack-usage -specs=redlib.specs -MMD -MP -MF"drivers/fsl_lpi2c_cmsis.d" -MT"drivers/fsl_lpi2c_cmsis.o" -MT"drivers/fsl_lpi2c_cmsis.d" -o "drivers/fsl_lpi2c_cmsis.o" "../drivers/fsl_lpi2c_cmsis.c"
Finished building: ../source/simple_movement.c
Finished building: ../drivers/fsl_common.c
 
 
Building file: ../drivers/fsl_lpi2c_edma.c
Finished building: ../drivers/fsl_common_arm.c
Building file: ../drivers/fsl_lpuart.c
 
Invoking: MCU C Compiler
arm-none-eabi-gcc -std=gnu99 -D__REDLIB__ -DCPU_MCXN947VDF -DCPU_MCXN947VDF_cm33 -DCPU_MCXN947VDF_cm33_core0 -DMCUXPRESSO_SDK -DSDK_DEBUGCONSOLE=0 -DMCUX_META_BUILD -DMCXN947_cm33_core0_SERIES -DCR_INTEGER_PRINTF -DPRINTF_FLOAT_ENABLE=0 -D__MCUXPRESSO -D__USE_CMSIS -DDEBUG -I"C:\Users\asyou\Desktop\Tmp\nxpcup\drivers" -I"C:\Users\asyou\Desktop\Tmp\nxpcup\CMSIS" -I"C:\Users\asyou\Desktop\Tmp\nxpcup\CMSIS\m-profile" -I"C:\Users\asyou\Desktop\Tmp\nxpcup\device" -I"C:\Users\asyou\Desktop\Tmp\nxpcup\device\periph" -I"C:\Users\asyou\Desktop\Tmp\nxpcup\utilities" -I"C:\Users\asyou\Desktop\Tmp\nxpcup\utilities\str" -I"C:\Users\asyou\Desktop\Tmp\nxpcup\utilities\debug_console_lite" -I"C:\Users\asyou\Desktop\Tmp\nxpcup\component\uart" -I"C:\Users\asyou\Desktop\Tmp\nxpcup\CMSIS_driver\Include" -I"C:\Users\asyou\Desktop\Tmp\nxpcup\board" -I"C:\Users\asyou\Desktop\Tmp\nxpcup\source" -I"C:\Users\asyou\Desktop\Tmp\nxpcup\include" -O0 -fno-common -g3 -gdwarf-4 -mcpu=cortex-m33 -c -ffunction-sections -fdata-sections -fno-builtin -imacros "C:\Users\asyou\Desktop\Tmp\nxpcup\source\mcux_config.h" -fmerge-constants -fmacro-prefix-map="../drivers/"= -mcpu=cortex-m33 -mfpu=fpv5-sp-d16 -mfloat-abi=hard -mthumb -D__REDLIB__ -fstack-usage -specs=redlib.specs -MMD -MP -MF"drivers/fsl_lpuart.d" -MT"drivers/fsl_lpuart.o" -MT"drivers/fsl_lpuart.d" -o "drivers/fsl_lpuart.o" "../drivers/fsl_lpuart.c"
Invoking: MCU C Compiler
arm-none-eabi-gcc -std=gnu99 -D__REDLIB__ -DCPU_MCXN947VDF -DCPU_MCXN947VDF_cm33 -DCPU_MCXN947VDF_cm33_core0 -DMCUXPRESSO_SDK -DSDK_DEBUGCONSOLE=0 -DMCUX_META_BUILD -DMCXN947_cm33_core0_SERIES -DCR_INTEGER_PRINTF -DPRINTF_FLOAT_ENABLE=0 -D__MCUXPRESSO -D__USE_CMSIS -DDEBUG -I"C:\Users\asyou\Desktop\Tmp\nxpcup\drivers" -I"C:\Users\asyou\Desktop\Tmp\nxpcup\CMSIS" -I"C:\Users\asyou\Desktop\Tmp\nxpcup\CMSIS\m-profile" -I"C:\Users\asyou\Desktop\Tmp\nxpcup\device" -I"C:\Users\asyou\Desktop\Tmp\nxpcup\device\periph" -I"C:\Users\asyou\Desktop\Tmp\nxpcup\utilities" -I"C:\Users\asyou\Desktop\Tmp\nxpcup\utilities\str" -I"C:\Users\asyou\Desktop\Tmp\nxpcup\utilities\debug_console_lite" -I"C:\Users\asyou\Desktop\Tmp\nxpcup\component\uart" -I"C:\Users\asyou\Desktop\Tmp\nxpcup\CMSIS_driver\Include" -I"C:\Users\asyou\Desktop\Tmp\nxpcup\board" -I"C:\Users\asyou\Desktop\Tmp\nxpcup\source" -I"C:\Users\asyou\Desktop\Tmp\nxpcup\include" -O0 -fno-common -g3 -gdwarf-4 -mcpu=cortex-m33 -c -ffunction-sections -fdata-sections -fno-builtin -imacros "C:\Users\asyou\Desktop\Tmp\nxpcup\source\mcux_config.h" -fmerge-constants -fmacro-prefix-map="../drivers/"= -mcpu=cortex-m33 -mfpu=fpv5-sp-d16 -mfloat-abi=hard -mthumb -D__REDLIB__ -fstack-usage -specs=redlib.specs -MMD -MP -MF"drivers/fsl_lpi2c_edma.d" -MT"drivers/fsl_lpi2c_edma.o" -MT"drivers/fsl_lpi2c_edma.d" -o "drivers/fsl_lpi2c_edma.o" "../drivers/fsl_lpi2c_edma.c"
Building file: ../drivers/fsl_pwm.c
Invoking: MCU C Compiler
Finished building: ../drivers/fsl_clock.c
arm-none-eabi-gcc -std=gnu99 -D__REDLIB__ -DCPU_MCXN947VDF -DCPU_MCXN947VDF_cm33 -DCPU_MCXN947VDF_cm33_core0 -DMCUXPRESSO_SDK -DSDK_DEBUGCONSOLE=0 -DMCUX_META_BUILD -DMCXN947_cm33_core0_SERIES -DCR_INTEGER_PRINTF -DPRINTF_FLOAT_ENABLE=0 -D__MCUXPRESSO -D__USE_CMSIS -DDEBUG -I"C:\Users\asyou\Desktop\Tmp\nxpcup\drivers" -I"C:\Users\asyou\Desktop\Tmp\nxpcup\CMSIS" -I"C:\Users\asyou\Desktop\Tmp\nxpcup\CMSIS\m-profile" -I"C:\Users\asyou\Desktop\Tmp\nxpcup\device" -I"C:\Users\asyou\Desktop\Tmp\nxpcup\device\periph" -I"C:\Users\asyou\Desktop\Tmp\nxpcup\utilities" -I"C:\Users\asyou\Desktop\Tmp\nxpcup\utilities\str" -I"C:\Users\asyou\Desktop\Tmp\nxpcup\utilities\debug_console_lite" -I"C:\Users\asyou\Desktop\Tmp\nxpcup\component\uart" -I"C:\Users\asyou\Desktop\Tmp\nxpcup\CMSIS_driver\Include" -I"C:\Users\asyou\Desktop\Tmp\nxpcup\board" -I"C:\Users\asyou\Desktop\Tmp\nxpcup\source" -I"C:\Users\asyou\Desktop\Tmp\nxpcup\include" -O0 -fno-common -g3 -gdwarf-4 -mcpu=cortex-m33 -c -ffunction-sections -fdata-sections -fno-builtin -imacros "C:\Users\asyou\Desktop\Tmp\nxpcup\source\mcux_config.h" -fmerge-constants -fmacro-prefix-map="../drivers/"= -mcpu=cortex-m33 -mfpu=fpv5-sp-d16 -mfloat-abi=hard -mthumb -D__REDLIB__ -fstack-usage -specs=redlib.specs -MMD -MP -MF"drivers/fsl_pwm.d" -MT"drivers/fsl_pwm.o" -MT"drivers/fsl_pwm.d" -o "drivers/fsl_pwm.o" "../drivers/fsl_pwm.c"
 
Building file: ../drivers/fsl_reset.c
Finished building: ../drivers/fsl_ctimer.c
 
Invoking: MCU C Compiler
arm-none-eabi-gcc -std=gnu99 -D__REDLIB__ -DCPU_MCXN947VDF -DCPU_MCXN947VDF_cm33 -DCPU_MCXN947VDF_cm33_core0 -DMCUXPRESSO_SDK -DSDK_DEBUGCONSOLE=0 -DMCUX_META_BUILD -DMCXN947_cm33_core0_SERIES -DCR_INTEGER_PRINTF -DPRINTF_FLOAT_ENABLE=0 -D__MCUXPRESSO -D__USE_CMSIS -DDEBUG -I"C:\Users\asyou\Desktop\Tmp\nxpcup\drivers" -I"C:\Users\asyou\Desktop\Tmp\nxpcup\CMSIS" -I"C:\Users\asyou\Desktop\Tmp\nxpcup\CMSIS\m-profile" -I"C:\Users\asyou\Desktop\Tmp\nxpcup\device" -I"C:\Users\asyou\Desktop\Tmp\nxpcup\device\periph" -I"C:\Users\asyou\Desktop\Tmp\nxpcup\utilities" -I"C:\Users\asyou\Desktop\Tmp\nxpcup\utilities\str" -I"C:\Users\asyou\Desktop\Tmp\nxpcup\utilities\debug_console_lite" -I"C:\Users\asyou\Desktop\Tmp\nxpcup\component\uart" -I"C:\Users\asyou\Desktop\Tmp\nxpcup\CMSIS_driver\Include" -I"C:\Users\asyou\Desktop\Tmp\nxpcup\board" -I"C:\Users\asyou\Desktop\Tmp\nxpcup\source" -I"C:\Users\asyou\Desktop\Tmp\nxpcup\include" -O0 -fno-common -g3 -gdwarf-4 -mcpu=cortex-m33 -c -ffunction-sections -fdata-sections -fno-builtin -imacros "C:\Users\asyou\Desktop\Tmp\nxpcup\source\mcux_config.h" -fmerge-constants -fmacro-prefix-map="../drivers/"= -mcpu=cortex-m33 -mfpu=fpv5-sp-d16 -mfloat-abi=hard -mthumb -D__REDLIB__ -fstack-usage -specs=redlib.specs -MMD -MP -MF"drivers/fsl_reset.d" -MT"drivers/fsl_reset.o" -MT"drivers/fsl_reset.d" -o "drivers/fsl_reset.o" "../drivers/fsl_reset.c"
Building file: ../drivers/fsl_spc.c
Invoking: MCU C Compiler
Finished building: ../drivers/fsl_gpio.c
arm-none-eabi-gcc -std=gnu99 -D__REDLIB__ -DCPU_MCXN947VDF -DCPU_MCXN947VDF_cm33 -DCPU_MCXN947VDF_cm33_core0 -DMCUXPRESSO_SDK -DSDK_DEBUGCONSOLE=0 -DMCUX_META_BUILD -DMCXN947_cm33_core0_SERIES -DCR_INTEGER_PRINTF -DPRINTF_FLOAT_ENABLE=0 -D__MCUXPRESSO -D__USE_CMSIS -DDEBUG -I"C:\Users\asyou\Desktop\Tmp\nxpcup\drivers" -I"C:\Users\asyou\Desktop\Tmp\nxpcup\CMSIS" -I"C:\Users\asyou\Desktop\Tmp\nxpcup\CMSIS\m-profile" -I"C:\Users\asyou\Desktop\Tmp\nxpcup\device" -I"C:\Users\asyou\Desktop\Tmp\nxpcup\device\periph" -I"C:\Users\asyou\Desktop\Tmp\nxpcup\utilities" -I"C:\Users\asyou\Desktop\Tmp\nxpcup\utilities\str" -I"C:\Users\asyou\Desktop\Tmp\nxpcup\utilities\debug_console_lite" -I"C:\Users\asyou\Desktop\Tmp\nxpcup\component\uart" -I"C:\Users\asyou\Desktop\Tmp\nxpcup\CMSIS_driver\Include" -I"C:\Users\asyou\Desktop\Tmp\nxpcup\board" -I"C:\Users\asyou\Desktop\Tmp\nxpcup\source" -I"C:\Users\asyou\Desktop\Tmp\nxpcup\include" -O0 -fno-common -g3 -gdwarf-4 -mcpu=cortex-m33 -c -ffunction-sections -fdata-sections -fno-builtin -imacros "C:\Users\asyou\Desktop\Tmp\nxpcup\source\mcux_config.h" -fmerge-constants -fmacro-prefix-map="../drivers/"= -mcpu=cortex-m33 -mfpu=fpv5-sp-d16 -mfloat-abi=hard -mthumb -D__REDLIB__ -fstack-usage -specs=redlib.specs -MMD -MP -MF"drivers/fsl_spc.d" -MT"drivers/fsl_spc.o" -MT"drivers/fsl_spc.d" -o "drivers/fsl_spc.o" "../drivers/fsl_spc.c"
 
Finished building: ../drivers/fsl_edma_soc.c
Finished building: ../drivers/fsl_lpflexcomm.c
Building file: ../device/system_MCXN947_cm33_core0.c
Finished building: ../drivers/fsl_edma.c
 
Invoking: MCU C Compiler
 
arm-none-eabi-gcc -std=gnu99 -D__REDLIB__ -DCPU_MCXN947VDF -DCPU_MCXN947VDF_cm33 -DCPU_MCXN947VDF_cm33_core0 -DMCUXPRESSO_SDK -DSDK_DEBUGCONSOLE=0 -DMCUX_META_BUILD -DMCXN947_cm33_core0_SERIES -DCR_INTEGER_PRINTF -DPRINTF_FLOAT_ENABLE=0 -D__MCUXPRESSO -D__USE_CMSIS -DDEBUG -I"C:\Users\asyou\Desktop\Tmp\nxpcup\drivers" -I"C:\Users\asyou\Desktop\Tmp\nxpcup\CMSIS" -I"C:\Users\asyou\Desktop\Tmp\nxpcup\CMSIS\m-profile" -I"C:\Users\asyou\Desktop\Tmp\nxpcup\device" -I"C:\Users\asyou\Desktop\Tmp\nxpcup\device\periph" -I"C:\Users\asyou\Desktop\Tmp\nxpcup\utilities" -I"C:\Users\asyou\Desktop\Tmp\nxpcup\utilities\str" -I"C:\Users\asyou\Desktop\Tmp\nxpcup\utilities\debug_console_lite" -I"C:\Users\asyou\Desktop\Tmp\nxpcup\component\uart" -I"C:\Users\asyou\Desktop\Tmp\nxpcup\CMSIS_driver\Include" -I"C:\Users\asyou\Desktop\Tmp\nxpcup\board" -I"C:\Users\asyou\Desktop\Tmp\nxpcup\source" -I"C:\Users\asyou\Desktop\Tmp\nxpcup\include" -O0 -fno-common -g3 -gdwarf-4 -mcpu=cortex-m33 -c -ffunction-sections -fdata-sections -fno-builtin -imacros "C:\Users\asyou\Desktop\Tmp\nxpcup\source\mcux_config.h" -fmerge-constants -fmacro-prefix-map="../device/"= -mcpu=cortex-m33 -mfpu=fpv5-sp-d16 -mfloat-abi=hard -mthumb -D__REDLIB__ -fstack-usage -specs=redlib.specs -MMD -MP -MF"device/system_MCXN947_cm33_core0.d" -MT"device/system_MCXN947_cm33_core0.o" -MT"device/system_MCXN947_cm33_core0.d" -o "device/system_MCXN947_cm33_core0.o" "../device/system_MCXN947_cm33_core0.c"
 
Building file: ../component/uart/fsl_adapter_lpuart.c
Building file: ../board/clock_config.c
Building file: ../board/board.c
Invoking: MCU C Compiler
arm-none-eabi-gcc -std=gnu99 -D__REDLIB__ -DCPU_MCXN947VDF -DCPU_MCXN947VDF_cm33 -DCPU_MCXN947VDF_cm33_core0 -DMCUXPRESSO_SDK -DSDK_DEBUGCONSOLE=0 -DMCUX_META_BUILD -DMCXN947_cm33_core0_SERIES -DCR_INTEGER_PRINTF -DPRINTF_FLOAT_ENABLE=0 -D__MCUXPRESSO -D__USE_CMSIS -DDEBUG -I"C:\Users\asyou\Desktop\Tmp\nxpcup\drivers" -I"C:\Users\asyou\Desktop\Tmp\nxpcup\CMSIS" -I"C:\Users\asyou\Desktop\Tmp\nxpcup\CMSIS\m-profile" -I"C:\Users\asyou\Desktop\Tmp\nxpcup\device" -I"C:\Users\asyou\Desktop\Tmp\nxpcup\device\periph" -I"C:\Users\asyou\Desktop\Tmp\nxpcup\utilities" -I"C:\Users\asyou\Desktop\Tmp\nxpcup\utilities\str" -I"C:\Users\asyou\Desktop\Tmp\nxpcup\utilities\debug_console_lite" -I"C:\Users\asyou\Desktop\Tmp\nxpcup\component\uart" -I"C:\Users\asyou\Desktop\Tmp\nxpcup\CMSIS_driver\Include" -I"C:\Users\asyou\Desktop\Tmp\nxpcup\board" -I"C:\Users\asyou\Desktop\Tmp\nxpcup\source" -I"C:\Users\asyou\Desktop\Tmp\nxpcup\include" -O0 -fno-common -g3 -gdwarf-4 -mcpu=cortex-m33 -c -ffunction-sections -fdata-sections -fno-builtin -imacros "C:\Users\asyou\Desktop\Tmp\nxpcup\source\mcux_config.h" -fmerge-constants -fmacro-prefix-map="../component/uart/"= -mcpu=cortex-m33 -mfpu=fpv5-sp-d16 -mfloat-abi=hard -mthumb -D__REDLIB__ -fstack-usage -specs=redlib.specs -MMD -MP -MF"component/uart/fsl_adapter_lpuart.d" -MT"component/uart/fsl_adapter_lpuart.o" -MT"component/uart/fsl_adapter_lpuart.d" -o "component/uart/fsl_adapter_lpuart.o" "../component/uart/fsl_adapter_lpuart.c"
Invoking: MCU C Compiler
arm-none-eabi-gcc -std=gnu99 -D__REDLIB__ -DCPU_MCXN947VDF -DCPU_MCXN947VDF_cm33 -DCPU_MCXN947VDF_cm33_core0 -DMCUXPRESSO_SDK -DSDK_DEBUGCONSOLE=0 -DMCUX_META_BUILD -DMCXN947_cm33_core0_SERIES -DCR_INTEGER_PRINTF -DPRINTF_FLOAT_ENABLE=0 -D__MCUXPRESSO -D__USE_CMSIS -DDEBUG -I"C:\Users\asyou\Desktop\Tmp\nxpcup\drivers" -I"C:\Users\asyou\Desktop\Tmp\nxpcup\CMSIS" -I"C:\Users\asyou\Desktop\Tmp\nxpcup\CMSIS\m-profile" -I"C:\Users\asyou\Desktop\Tmp\nxpcup\device" -I"C:\Users\asyou\Desktop\Tmp\nxpcup\device\periph" -I"C:\Users\asyou\Desktop\Tmp\nxpcup\utilities" -I"C:\Users\asyou\Desktop\Tmp\nxpcup\utilities\str" -I"C:\Users\asyou\Desktop\Tmp\nxpcup\utilities\debug_console_lite" -I"C:\Users\asyou\Desktop\Tmp\nxpcup\component\uart" -I"C:\Users\asyou\Desktop\Tmp\nxpcup\CMSIS_driver\Include" -I"C:\Users\asyou\Desktop\Tmp\nxpcup\board" -I"C:\Users\asyou\Desktop\Tmp\nxpcup\source" -I"C:\Users\asyou\Desktop\Tmp\nxpcup\include" -O0 -fno-common -g3 -gdwarf-4 -mcpu=cortex-m33 -c -ffunction-sections -fdata-sections -fno-builtin -imacros "C:\Users\asyou\Desktop\Tmp\nxpcup\source\mcux_config.h" -fmerge-constants -fmacro-prefix-map="../board/"= -mcpu=cortex-m33 -mfpu=fpv5-sp-d16 -mfloat-abi=hard -mthumb -D__REDLIB__ -fstack-usage -specs=redlib.specs -MMD -MP -MF"board/clock_config.d" -MT"board/clock_config.o" -MT"board/clock_config.d" -o "board/clock_config.o" "../board/clock_config.c"
Invoking: MCU C Compiler
arm-none-eabi-gcc -std=gnu99 -D__REDLIB__ -DCPU_MCXN947VDF -DCPU_MCXN947VDF_cm33 -DCPU_MCXN947VDF_cm33_core0 -DMCUXPRESSO_SDK -DSDK_DEBUGCONSOLE=0 -DMCUX_META_BUILD -DMCXN947_cm33_core0_SERIES -DCR_INTEGER_PRINTF -DPRINTF_FLOAT_ENABLE=0 -D__MCUXPRESSO -D__USE_CMSIS -DDEBUG -I"C:\Users\asyou\Desktop\Tmp\nxpcup\drivers" -I"C:\Users\asyou\Desktop\Tmp\nxpcup\CMSIS" -I"C:\Users\asyou\Desktop\Tmp\nxpcup\CMSIS\m-profile" -I"C:\Users\asyou\Desktop\Tmp\nxpcup\device" -I"C:\Users\asyou\Desktop\Tmp\nxpcup\device\periph" -I"C:\Users\asyou\Desktop\Tmp\nxpcup\utilities" -I"C:\Users\asyou\Desktop\Tmp\nxpcup\utilities\str" -I"C:\Users\asyou\Desktop\Tmp\nxpcup\utilities\debug_console_lite" -I"C:\Users\asyou\Desktop\Tmp\nxpcup\component\uart" -I"C:\Users\asyou\Desktop\Tmp\nxpcup\CMSIS_driver\Include" -I"C:\Users\asyou\Desktop\Tmp\nxpcup\board" -I"C:\Users\asyou\Desktop\Tmp\nxpcup\source" -I"C:\Users\asyou\Desktop\Tmp\nxpcup\include" -O0 -fno-common -g3 -gdwarf-4 -mcpu=cortex-m33 -c -ffunction-sections -fdata-sections -fno-builtin -imacros "C:\Users\asyou\Desktop\Tmp\nxpcup\source\mcux_config.h" -fmerge-constants -fmacro-prefix-map="../board/"= -mcpu=cortex-m33 -mfpu=fpv5-sp-d16 -mfloat-abi=hard -mthumb -D__REDLIB__ -fstack-usage -specs=redlib.specs -MMD -MP -MF"board/board.d" -MT"board/board.o" -MT"board/board.d" -o "board/board.o" "../board/board.c"
Finished building: ../drivers/fsl_inputmux.c
 
Building file: ../board/hardware_init.c
Finished building: ../drivers/fsl_lpi2c_cmsis.c
Invoking: MCU C Compiler
arm-none-eabi-gcc -std=gnu99 -D__REDLIB__ -DCPU_MCXN947VDF -DCPU_MCXN947VDF_cm33 -DCPU_MCXN947VDF_cm33_core0 -DMCUXPRESSO_SDK -DSDK_DEBUGCONSOLE=0 -DMCUX_META_BUILD -DMCXN947_cm33_core0_SERIES -DCR_INTEGER_PRINTF -DPRINTF_FLOAT_ENABLE=0 -D__MCUXPRESSO -D__USE_CMSIS -DDEBUG -I"C:\Users\asyou\Desktop\Tmp\nxpcup\drivers" -I"C:\Users\asyou\Desktop\Tmp\nxpcup\CMSIS" -I"C:\Users\asyou\Desktop\Tmp\nxpcup\CMSIS\m-profile" -I"C:\Users\asyou\Desktop\Tmp\nxpcup\device" -I"C:\Users\asyou\Desktop\Tmp\nxpcup\device\periph" -I"C:\Users\asyou\Desktop\Tmp\nxpcup\utilities" -I"C:\Users\asyou\Desktop\Tmp\nxpcup\utilities\str" -I"C:\Users\asyou\Desktop\Tmp\nxpcup\utilities\debug_console_lite" -I"C:\Users\asyou\Desktop\Tmp\nxpcup\component\uart" -I"C:\Users\asyou\Desktop\Tmp\nxpcup\CMSIS_driver\Include" -I"C:\Users\asyou\Desktop\Tmp\nxpcup\board" -I"C:\Users\asyou\Desktop\Tmp\nxpcup\source" -I"C:\Users\asyou\Desktop\Tmp\nxpcup\include" -O0 -fno-common -g3 -gdwarf-4 -mcpu=cortex-m33 -c -ffunction-sections -fdata-sections -fno-builtin -imacros "C:\Users\asyou\Desktop\Tmp\nxpcup\source\mcux_config.h" -fmerge-constants -fmacro-prefix-map="../board/"= -mcpu=cortex-m33 -mfpu=fpv5-sp-d16 -mfloat-abi=hard -mthumb -D__REDLIB__ -fstack-usage -specs=redlib.specs -MMD -MP -MF"board/hardware_init.d" -MT"board/hardware_init.o" -MT"board/hardware_init.d" -o "board/hardware_init.o" "../board/hardware_init.c"
Finished building: ../drivers/fsl_lpi2c.c
 
 
Building file: ../board/peripherals.c
Building file: ../board/pin_mux.c
Invoking: MCU C Compiler
arm-none-eabi-gcc -std=gnu99 -D__REDLIB__ -DCPU_MCXN947VDF -DCPU_MCXN947VDF_cm33 -DCPU_MCXN947VDF_cm33_core0 -DMCUXPRESSO_SDK -DSDK_DEBUGCONSOLE=0 -DMCUX_META_BUILD -DMCXN947_cm33_core0_SERIES -DCR_INTEGER_PRINTF -DPRINTF_FLOAT_ENABLE=0 -D__MCUXPRESSO -D__USE_CMSIS -DDEBUG -I"C:\Users\asyou\Desktop\Tmp\nxpcup\drivers" -I"C:\Users\asyou\Desktop\Tmp\nxpcup\CMSIS" -I"C:\Users\asyou\Desktop\Tmp\nxpcup\CMSIS\m-profile" -I"C:\Users\asyou\Desktop\Tmp\nxpcup\device" -I"C:\Users\asyou\Desktop\Tmp\nxpcup\device\periph" -I"C:\Users\asyou\Desktop\Tmp\nxpcup\utilities" -I"C:\Users\asyou\Desktop\Tmp\nxpcup\utilities\str" -I"C:\Users\asyou\Desktop\Tmp\nxpcup\utilities\debug_console_lite" -I"C:\Users\asyou\Desktop\Tmp\nxpcup\component\uart" -I"C:\Users\asyou\Desktop\Tmp\nxpcup\CMSIS_driver\Include" -I"C:\Users\asyou\Desktop\Tmp\nxpcup\board" -I"C:\Users\asyou\Desktop\Tmp\nxpcup\source" -I"C:\Users\asyou\Desktop\Tmp\nxpcup\include" -O0 -fno-common -g3 -gdwarf-4 -mcpu=cortex-m33 -c -ffunction-sections -fdata-sections -fno-builtin -imacros "C:\Users\asyou\Desktop\Tmp\nxpcup\source\mcux_config.h" -fmerge-constants -fmacro-prefix-map="../board/"= -mcpu=cortex-m33 -mfpu=fpv5-sp-d16 -mfloat-abi=hard -mthumb -D__REDLIB__ -fstack-usage -specs=redlib.specs -MMD -MP -MF"board/peripherals.d" -MT"board/peripherals.o" -MT"board/peripherals.d" -o "board/peripherals.o" "../board/peripherals.c"
Invoking: MCU C Compiler
arm-none-eabi-gcc -std=gnu99 -D__REDLIB__ -DCPU_MCXN947VDF -DCPU_MCXN947VDF_cm33 -DCPU_MCXN947VDF_cm33_core0 -DMCUXPRESSO_SDK -DSDK_DEBUGCONSOLE=0 -DMCUX_META_BUILD -DMCXN947_cm33_core0_SERIES -DCR_INTEGER_PRINTF -DPRINTF_FLOAT_ENABLE=0 -D__MCUXPRESSO -D__USE_CMSIS -DDEBUG -I"C:\Users\asyou\Desktop\Tmp\nxpcup\drivers" -I"C:\Users\asyou\Desktop\Tmp\nxpcup\CMSIS" -I"C:\Users\asyou\Desktop\Tmp\nxpcup\CMSIS\m-profile" -I"C:\Users\asyou\Desktop\Tmp\nxpcup\device" -I"C:\Users\asyou\Desktop\Tmp\nxpcup\device\periph" -I"C:\Users\asyou\Desktop\Tmp\nxpcup\utilities" -I"C:\Users\asyou\Desktop\Tmp\nxpcup\utilities\str" -I"C:\Users\asyou\Desktop\Tmp\nxpcup\utilities\debug_console_lite" -I"C:\Users\asyou\Desktop\Tmp\nxpcup\component\uart" -I"C:\Users\asyou\Desktop\Tmp\nxpcup\CMSIS_driver\Include" -I"C:\Users\asyou\Desktop\Tmp\nxpcup\board" -I"C:\Users\asyou\Desktop\Tmp\nxpcup\source" -I"C:\Users\asyou\Desktop\Tmp\nxpcup\include" -O0 -fno-common -g3 -gdwarf-4 -mcpu=cortex-m33 -c -ffunction-sections -fdata-sections -fno-builtin -imacros "C:\Users\asyou\Desktop\Tmp\nxpcup\source\mcux_config.h" -fmerge-constants -fmacro-prefix-map="../board/"= -mcpu=cortex-m33 -mfpu=fpv5-sp-d16 -mfloat-abi=hard -mthumb -D__REDLIB__ -fstack-usage -specs=redlib.specs -MMD -MP -MF"board/pin_mux.d" -MT"board/pin_mux.o" -MT"board/pin_mux.d" -o "board/pin_mux.o" "../board/pin_mux.c"
Finished building: ../drivers/fsl_lpi2c_edma.c
Finished building: ../drivers/fsl_lpuart.c
 
 
Finished building: ../drivers/fsl_pwm.c
 
Finished building: ../drivers/fsl_reset.c
 
Finished building: ../device/system_MCXN947_cm33_core0.c
Finished building: ../component/uart/fsl_adapter_lpuart.c
Finished building: ../drivers/fsl_spc.c
 
Finished building: ../board/board.c
 
 
 
Finished building: ../board/clock_config.c
 
Finished building: ../board/hardware_init.c
 
Finished building: ../board/peripherals.c
 
Finished building: ../board/pin_mux.c
 
Building target: nxpcup.axf
Invoking: MCU Linker
arm-none-eabi-gcc -nostdlib -Xlinker -no-warn-rwx-segments -Xlinker -Map="nxpcup.map" -Xlinker --gc-sections -Xlinker -print-memory-usage -Xlinker --sort-section=alignment -Xlinker --cref -mcpu=cortex-m33 -mfpu=fpv5-sp-d16 -mfloat-abi=hard -mthumb -T nxpcup_Debug.ld -o "nxpcup.axf" ./utilities/str/fsl_str.o  ./utilities/debug_console_lite/fsl_debug_console.o  ./utilities/fsl_assert.o ./utilities/fsl_memcpy.o  ./startup/boot_multicore_slave.o ./startup/startup_mcxn947_cm33_core0.o  ./source/esc.o ./source/hbridge.o ./source/main.o ./source/pixy.o ./source/semihost_hardfault.o ./source/servo.o ./source/simple_movement.o  ./drivers/fsl_clock.o ./drivers/fsl_common.o ./drivers/fsl_common_arm.o ./drivers/fsl_ctimer.o ./drivers/fsl_edma.o ./drivers/fsl_edma_soc.o ./drivers/fsl_gpio.o ./drivers/fsl_inputmux.o ./drivers/fsl_lpflexcomm.o ./drivers/fsl_lpi2c.o ./drivers/fsl_lpi2c_cmsis.o ./drivers/fsl_lpi2c_edma.o ./drivers/fsl_lpuart.o ./drivers/fsl_pwm.o ./drivers/fsl_reset.o ./drivers/fsl_spc.o  ./device/system_MCXN947_cm33_core0.o  ./component/uart/fsl_adapter_lpuart.o  ./board/board.o ./board/clock_config.o ./board/hardware_init.o ./board/peripherals.o ./board/pin_mux.o   
Memory region         Used Size  Region Size  %age Used
  PROGRAM_FLASH0:       32156 B         1 MB      3.07%
  PROGRAM_FLASH1:           0 B         1 MB      0.00%
            SRAM:        9244 B       384 KB      2.35%
           SRAMX:           0 B        96 KB      0.00%
           SRAMH:           0 B        32 KB      0.00%
         USB_RAM:           0 B         4 KB      0.00%
Finished building target: nxpcup.axf
 
Performing post-build steps
arm-none-eabi-size "nxpcup.axf"; # arm-none-eabi-objcopy -v -O binary "nxpcup.axf" "nxpcup.bin" ; # checksum -p MCXN947 -d "nxpcup.bin";
   text	   data	    bss	    dec	    hex	filename
  32072	     84	   9160	  41316	   a164	nxpcup.axf
 
15:54:16 **** Incremental Build of configuration Debug for project nxpcup ****
make -r -j12 all 
make[1]: Nothing to be done for 'main-build'.
Performing post-build steps
arm-none-eabi-size "nxpcup.axf"; # arm-none-eabi-objcopy -v -O binary "nxpcup.axf" "nxpcup.bin" ; # checksum -p MCXN947 -d "nxpcup.bin";
   text	   data	    bss	    dec	    hex	filename
  32072	     84	   9160	  41316	   a164	nxpcup.axf
 
15:54:52 **** Incremental Build of configuration Debug for project nxpcup ****
make -r -j12 all 
make[1]: Nothing to be done for 'main-build'.
Performing post-build steps
arm-none-eabi-size "nxpcup.axf"; # arm-none-eabi-objcopy -v -O binary "nxpcup.axf" "nxpcup.bin" ; # checksum -p MCXN947 -d "nxpcup.bin";
   text	   data	    bss	    dec	    hex	filename
  32072	     84	   9160	  41316	   a164	nxpcup.axf
 
15:55:39 **** Incremental Build of configuration Debug for project nxpcup ****
make -r -j12 all 
make[1]: Nothing to be done for 'main-build'.
Performing post-build steps
arm-none-eabi-size "nxpcup.axf"; # arm-none-eabi-objcopy -v -O binary "nxpcup.axf" "nxpcup.bin" ; # checksum -p MCXN947 -d "nxpcup.bin";
   text	   data	    bss	    dec	    hex	filename
  32072	     84	   9160	  41316	   a164	nxpcup.axf
 
15:56:14 **** Incremental Build of configuration Debug for project nxpcup ****
make -r -j12 all 
make[1]: Nothing to be done for 'main-build'.
Performing post-build steps
arm-none-eabi-size "nxpcup.axf"; # arm-none-eabi-objcopy -v -O binary "nxpcup.axf" "nxpcup.bin" ; # checksum -p MCXN947 -d "nxpcup.bin";
   text	   data	    bss	    dec	    hex	filename
  32072	     84	   9160	  41316	   a164	nxpcup.axf
 
15:56:36 **** Incremental Build of configuration Debug for project nxpcup ****
make -r -j12 all 
make[1]: Nothing to be done for 'main-build'.
Performing post-build steps
arm-none-eabi-size "nxpcup.axf"; # arm-none-eabi-objcopy -v -O binary "nxpcup.axf" "nxpcup.bin" ; # checksum -p MCXN947 -d "nxpcup.bin";
   text	   data	    bss	    dec	    hex	filename
  32072	     84	   9160	  41316	   a164	nxpcup.axf
 
15:57:38 **** Incremental Build of configuration Debug for project nxpcup ****
make -r -j12 all 
Building file: ../board/pin_mux.c
Invoking: MCU C Compiler
arm-none-eabi-gcc -std=gnu99 -D__REDLIB__ -DCPU_MCXN947VDF -DCPU_MCXN947VDF_cm33 -DCPU_MCXN947VDF_cm33_core0 -DMCUXPRESSO_SDK -DSDK_DEBUGCONSOLE=0 -DMCUX_META_BUILD -DMCXN947_cm33_core0_SERIES -DCR_INTEGER_PRINTF -DPRINTF_FLOAT_ENABLE=0 -D__MCUXPRESSO -D__USE_CMSIS -DDEBUG -I"C:\Users\asyou\Desktop\Tmp\nxpcup\drivers" -I"C:\Users\asyou\Desktop\Tmp\nxpcup\CMSIS" -I"C:\Users\asyou\Desktop\Tmp\nxpcup\CMSIS\m-profile" -I"C:\Users\asyou\Desktop\Tmp\nxpcup\device" -I"C:\Users\asyou\Desktop\Tmp\nxpcup\device\periph" -I"C:\Users\asyou\Desktop\Tmp\nxpcup\utilities" -I"C:\Users\asyou\Desktop\Tmp\nxpcup\utilities\str" -I"C:\Users\asyou\Desktop\Tmp\nxpcup\utilities\debug_console_lite" -I"C:\Users\asyou\Desktop\Tmp\nxpcup\component\uart" -I"C:\Users\asyou\Desktop\Tmp\nxpcup\CMSIS_driver\Include" -I"C:\Users\asyou\Desktop\Tmp\nxpcup\board" -I"C:\Users\asyou\Desktop\Tmp\nxpcup\source" -I"C:\Users\asyou\Desktop\Tmp\nxpcup\include" -O0 -fno-common -g3 -gdwarf-4 -mcpu=cortex-m33 -c -ffunction-sections -fdata-sections -fno-builtin -imacros "C:\Users\asyou\Desktop\Tmp\nxpcup\source\mcux_config.h" -fmerge-constants -fmacro-prefix-map="../board/"= -mcpu=cortex-m33 -mfpu=fpv5-sp-d16 -mfloat-abi=hard -mthumb -D__REDLIB__ -fstack-usage -specs=redlib.specs -MMD -MP -MF"board/pin_mux.d" -MT"board/pin_mux.o" -MT"board/pin_mux.d" -o "board/pin_mux.o" "../board/pin_mux.c"
Finished building: ../board/pin_mux.c
 
Building target: nxpcup.axf
Invoking: MCU Linker
arm-none-eabi-gcc -nostdlib -Xlinker -no-warn-rwx-segments -Xlinker -Map="nxpcup.map" -Xlinker --gc-sections -Xlinker -print-memory-usage -Xlinker --sort-section=alignment -Xlinker --cref -mcpu=cortex-m33 -mfpu=fpv5-sp-d16 -mfloat-abi=hard -mthumb -T nxpcup_Debug.ld -o "nxpcup.axf" ./utilities/str/fsl_str.o  ./utilities/debug_console_lite/fsl_debug_console.o  ./utilities/fsl_assert.o ./utilities/fsl_memcpy.o  ./startup/boot_multicore_slave.o ./startup/startup_mcxn947_cm33_core0.o  ./source/esc.o ./source/hbridge.o ./source/main.o ./source/pixy.o ./source/semihost_hardfault.o ./source/servo.o ./source/simple_movement.o  ./drivers/fsl_clock.o ./drivers/fsl_common.o ./drivers/fsl_common_arm.o ./drivers/fsl_ctimer.o ./drivers/fsl_edma.o ./drivers/fsl_edma_soc.o ./drivers/fsl_gpio.o ./drivers/fsl_inputmux.o ./drivers/fsl_lpflexcomm.o ./drivers/fsl_lpi2c.o ./drivers/fsl_lpi2c_cmsis.o ./drivers/fsl_lpi2c_edma.o ./drivers/fsl_lpuart.o ./drivers/fsl_pwm.o ./drivers/fsl_reset.o ./drivers/fsl_spc.o  ./device/system_MCXN947_cm33_core0.o  ./component/uart/fsl_adapter_lpuart.o  ./board/board.o ./board/clock_config.o ./board/hardware_init.o ./board/peripherals.o ./board/pin_mux.o   
Memory region         Used Size  Region Size  %age Used
  PROGRAM_FLASH0:       32216 B         1 MB      3.07%
  PROGRAM_FLASH1:           0 B         1 MB      0.00%
            SRAM:        9244 B       384 KB      2.35%
           SRAMX:           0 B        96 KB      0.00%
           SRAMH:           0 B        32 KB      0.00%
         USB_RAM:           0 B         4 KB      0.00%
Finished building target: nxpcup.axf
 
Performing post-build steps
arm-none-eabi-size "nxpcup.axf"; # arm-none-eabi-objcopy -v -O binary "nxpcup.axf" "nxpcup.bin" ; # checksum -p MCXN947 -d "nxpcup.bin";
   text	   data	    bss	    dec	    hex	filename
  32132	     84	   9160	  41376	   a1a0	nxpcup.axf
 
16:16:17 **** Incremental Build of configuration Debug for project nxpcup ****
make -r -j12 all 
Building file: ../source/main.c
Building file: ../board/pin_mux.c
Invoking: MCU C Compiler
arm-none-eabi-gcc -std=gnu99 -D__REDLIB__ -DCPU_MCXN947VDF -DCPU_MCXN947VDF_cm33 -DCPU_MCXN947VDF_cm33_core0 -DMCUXPRESSO_SDK -DSDK_DEBUGCONSOLE=0 -DMCUX_META_BUILD -DMCXN947_cm33_core0_SERIES -DCR_INTEGER_PRINTF -DPRINTF_FLOAT_ENABLE=0 -D__MCUXPRESSO -D__USE_CMSIS -DDEBUG -I"C:\Users\asyou\Desktop\Tmp\nxpcup\drivers" -I"C:\Users\asyou\Desktop\Tmp\nxpcup\CMSIS" -I"C:\Users\asyou\Desktop\Tmp\nxpcup\CMSIS\m-profile" -I"C:\Users\asyou\Desktop\Tmp\nxpcup\device" -I"C:\Users\asyou\Desktop\Tmp\nxpcup\device\periph" -I"C:\Users\asyou\Desktop\Tmp\nxpcup\utilities" -I"C:\Users\asyou\Desktop\Tmp\nxpcup\utilities\str" -I"C:\Users\asyou\Desktop\Tmp\nxpcup\utilities\debug_console_lite" -I"C:\Users\asyou\Desktop\Tmp\nxpcup\component\uart" -I"C:\Users\asyou\Desktop\Tmp\nxpcup\CMSIS_driver\Include" -I"C:\Users\asyou\Desktop\Tmp\nxpcup\board" -I"C:\Users\asyou\Desktop\Tmp\nxpcup\source" -I"C:\Users\asyou\Desktop\Tmp\nxpcup\include" -O0 -fno-common -g3 -gdwarf-4 -mcpu=cortex-m33 -c -ffunction-sections -fdata-sections -fno-builtin -imacros "C:\Users\asyou\Desktop\Tmp\nxpcup\source\mcux_config.h" -fmerge-constants -fmacro-prefix-map="../source/"= -mcpu=cortex-m33 -mfpu=fpv5-sp-d16 -mfloat-abi=hard -mthumb -D__REDLIB__ -fstack-usage -specs=redlib.specs -MMD -MP -MF"source/main.d" -MT"source/main.o" -MT"source/main.d" -o "source/main.o" "../source/main.c"
Invoking: MCU C Compiler
arm-none-eabi-gcc -std=gnu99 -D__REDLIB__ -DCPU_MCXN947VDF -DCPU_MCXN947VDF_cm33 -DCPU_MCXN947VDF_cm33_core0 -DMCUXPRESSO_SDK -DSDK_DEBUGCONSOLE=0 -DMCUX_META_BUILD -DMCXN947_cm33_core0_SERIES -DCR_INTEGER_PRINTF -DPRINTF_FLOAT_ENABLE=0 -D__MCUXPRESSO -D__USE_CMSIS -DDEBUG -I"C:\Users\asyou\Desktop\Tmp\nxpcup\drivers" -I"C:\Users\asyou\Desktop\Tmp\nxpcup\CMSIS" -I"C:\Users\asyou\Desktop\Tmp\nxpcup\CMSIS\m-profile" -I"C:\Users\asyou\Desktop\Tmp\nxpcup\device" -I"C:\Users\asyou\Desktop\Tmp\nxpcup\device\periph" -I"C:\Users\asyou\Desktop\Tmp\nxpcup\utilities" -I"C:\Users\asyou\Desktop\Tmp\nxpcup\utilities\str" -I"C:\Users\asyou\Desktop\Tmp\nxpcup\utilities\debug_console_lite" -I"C:\Users\asyou\Desktop\Tmp\nxpcup\component\uart" -I"C:\Users\asyou\Desktop\Tmp\nxpcup\CMSIS_driver\Include" -I"C:\Users\asyou\Desktop\Tmp\nxpcup\board" -I"C:\Users\asyou\Desktop\Tmp\nxpcup\source" -I"C:\Users\asyou\Desktop\Tmp\nxpcup\include" -O0 -fno-common -g3 -gdwarf-4 -mcpu=cortex-m33 -c -ffunction-sections -fdata-sections -fno-builtin -imacros "C:\Users\asyou\Desktop\Tmp\nxpcup\source\mcux_config.h" -fmerge-constants -fmacro-prefix-map="../board/"= -mcpu=cortex-m33 -mfpu=fpv5-sp-d16 -mfloat-abi=hard -mthumb -D__REDLIB__ -fstack-usage -specs=redlib.specs -MMD -MP -MF"board/pin_mux.d" -MT"board/pin_mux.o" -MT"board/pin_mux.d" -o "board/pin_mux.o" "../board/pin_mux.c"
Finished building: ../board/pin_mux.c
 
Finished building: ../source/main.c
 
Building target: nxpcup.axf
Invoking: MCU Linker
arm-none-eabi-gcc -nostdlib -Xlinker -no-warn-rwx-segments -Xlinker -Map="nxpcup.map" -Xlinker --gc-sections -Xlinker -print-memory-usage -Xlinker --sort-section=alignment -Xlinker --cref -mcpu=cortex-m33 -mfpu=fpv5-sp-d16 -mfloat-abi=hard -mthumb -T nxpcup_Debug.ld -o "nxpcup.axf" ./utilities/str/fsl_str.o  ./utilities/debug_console_lite/fsl_debug_console.o  ./utilities/fsl_assert.o ./utilities/fsl_memcpy.o  ./startup/boot_multicore_slave.o ./startup/startup_mcxn947_cm33_core0.o  ./source/esc.o ./source/hbridge.o ./source/main.o ./source/pixy.o ./source/semihost_hardfault.o ./source/servo.o ./source/simple_movement.o  ./drivers/fsl_clock.o ./drivers/fsl_common.o ./drivers/fsl_common_arm.o ./drivers/fsl_ctimer.o ./drivers/fsl_edma.o ./drivers/fsl_edma_soc.o ./drivers/fsl_gpio.o ./drivers/fsl_inputmux.o ./drivers/fsl_lpflexcomm.o ./drivers/fsl_lpi2c.o ./drivers/fsl_lpi2c_cmsis.o ./drivers/fsl_lpi2c_edma.o ./drivers/fsl_lpuart.o ./drivers/fsl_pwm.o ./drivers/fsl_reset.o ./drivers/fsl_spc.o  ./device/system_MCXN947_cm33_core0.o  ./component/uart/fsl_adapter_lpuart.o  ./board/board.o ./board/clock_config.o ./board/hardware_init.o ./board/peripherals.o ./board/pin_mux.o   
Memory region         Used Size  Region Size  %age Used
  PROGRAM_FLASH0:       32216 B         1 MB      3.07%
  PROGRAM_FLASH1:           0 B         1 MB      0.00%
            SRAM:        9244 B       384 KB      2.35%
           SRAMX:           0 B        96 KB      0.00%
           SRAMH:           0 B        32 KB      0.00%
         USB_RAM:           0 B         4 KB      0.00%
Finished building target: nxpcup.axf
 
Performing post-build steps
arm-none-eabi-size "nxpcup.axf"; # arm-none-eabi-objcopy -v -O binary "nxpcup.axf" "nxpcup.bin" ; # checksum -p MCXN947 -d "nxpcup.bin";
   text	   data	    bss	    dec	    hex	filename
  32132	     84	   9160	  41376	   a1a0	nxpcup.axf
 
12:44:41 **** Build of configuration Debug for project nxpcup ****
make -r -j12 all 
Building target: nxpcup.axf
Invoking: MCU Linker
arm-none-eabi-gcc -nostdlib -Xlinker -no-warn-rwx-segments -Xlinker -Map="nxpcup.map" -Xlinker --gc-sections -Xlinker -print-memory-usage -Xlinker --sort-section=alignment -Xlinker --cref -mcpu=cortex-m33 -mfpu=fpv5-sp-d16 -mfloat-abi=hard -mthumb -T nxpcup_Debug.ld -o "nxpcup.axf" ./utilities/str/fsl_str.o  ./utilities/debug_console_lite/fsl_debug_console.o  ./utilities/fsl_assert.o ./utilities/fsl_memcpy.o  ./startup/boot_multicore_slave.o ./startup/startup_mcxn947_cm33_core0.o  ./source/esc.o ./source/hbridge.o ./source/main.o ./source/pixy.o ./source/semihost_hardfault.o ./source/servo.o ./source/simple_movement.o  ./drivers/fsl_clock.o ./drivers/fsl_common.o ./drivers/fsl_common_arm.o ./drivers/fsl_ctimer.o ./drivers/fsl_edma.o ./drivers/fsl_edma_soc.o ./drivers/fsl_gpio.o ./drivers/fsl_inputmux.o ./drivers/fsl_lpflexcomm.o ./drivers/fsl_lpi2c.o ./drivers/fsl_lpi2c_cmsis.o ./drivers/fsl_lpi2c_edma.o ./drivers/fsl_lpuart.o ./drivers/fsl_pwm.o ./drivers/fsl_reset.o ./drivers/fsl_spc.o  ./device/system_MCXN947_cm33_core0.o  ./component/uart/fsl_adapter_lpuart.o  ./board/board.o ./board/clock_config.o ./board/hardware_init.o ./board/peripherals.o ./board/pin_mux.o   
Memory region         Used Size  Region Size  %age Used
  PROGRAM_FLASH0:       32216 B         1 MB      3.07%
  PROGRAM_FLASH1:           0 B         1 MB      0.00%
            SRAM:        9244 B       384 KB      2.35%
           SRAMX:           0 B        96 KB      0.00%
           SRAMH:           0 B        32 KB      0.00%
         USB_RAM:           0 B         4 KB      0.00%
Finished building target: nxpcup.axf
 
Performing post-build steps
arm-none-eabi-size "nxpcup.axf"; # arm-none-eabi-objcopy -v -O binary "nxpcup.axf" "nxpcup.bin" ; # checksum -p MCXN947 -d "nxpcup.bin";
   text	   data	    bss	    dec	    hex	filename
  32132	     84	   9160	  41376	   a1a0	nxpcup.axf
 
12:44:56 **** Incremental Build of configuration Debug for project nxpcup ****
make -r -j12 all 
make[1]: Nothing to be done for 'main-build'.
Performing post-build steps
arm-none-eabi-size "nxpcup.axf"; # arm-none-eabi-objcopy -v -O binary "nxpcup.axf" "nxpcup.bin" ; # checksum -p MCXN947 -d "nxpcup.bin";
   text	   data	    bss	    dec	    hex	filename
  32132	     84	   9160	  41376	   a1a0	nxpcup.axf
 
12:45:03 **** Incremental Build of configuration Debug for project nxpcup ****
make -r -j12 all 
make[1]: Nothing to be done for 'main-build'.
Performing post-build steps
arm-none-eabi-size "nxpcup.axf"; # arm-none-eabi-objcopy -v -O binary "nxpcup.axf" "nxpcup.bin" ; # checksum -p MCXN947 -d "nxpcup.bin";
   text	   data	    bss	    dec	    hex	filename
  32132	     84	   9160	  41376	   a1a0	nxpcup.axf
 
12:46:20 **** Incremental Build of configuration Debug for project nxpcup ****
make -r -j12 all 
make[1]: Nothing to be done for 'main-build'.
Performing post-build steps
arm-none-eabi-size "nxpcup.axf"; # arm-none-eabi-objcopy -v -O binary "nxpcup.axf" "nxpcup.bin" ; # checksum -p MCXN947 -d "nxpcup.bin";
   text	   data	    bss	    dec	    hex	filename
  32132	     84	   9160	  41376	   a1a0	nxpcup.axf
 
12:49:27 **** Incremental Build of configuration Debug for project nxpcup ****
make -r -j12 all 
Building file: ../source/main.c
Invoking: MCU C Compiler
arm-none-eabi-gcc -std=gnu99 -D__REDLIB__ -DCPU_MCXN947VDF -DCPU_MCXN947VDF_cm33 -DCPU_MCXN947VDF_cm33_core0 -DMCUXPRESSO_SDK -DSDK_DEBUGCONSOLE=0 -DMCUX_META_BUILD -DMCXN947_cm33_core0_SERIES -DCR_INTEGER_PRINTF -DPRINTF_FLOAT_ENABLE=0 -D__MCUXPRESSO -D__USE_CMSIS -DDEBUG -I"C:\Users\asyou\Desktop\Tmp\nxpcup\drivers" -I"C:\Users\asyou\Desktop\Tmp\nxpcup\CMSIS" -I"C:\Users\asyou\Desktop\Tmp\nxpcup\CMSIS\m-profile" -I"C:\Users\asyou\Desktop\Tmp\nxpcup\device" -I"C:\Users\asyou\Desktop\Tmp\nxpcup\device\periph" -I"C:\Users\asyou\Desktop\Tmp\nxpcup\utilities" -I"C:\Users\asyou\Desktop\Tmp\nxpcup\utilities\str" -I"C:\Users\asyou\Desktop\Tmp\nxpcup\utilities\debug_console_lite" -I"C:\Users\asyou\Desktop\Tmp\nxpcup\component\uart" -I"C:\Users\asyou\Desktop\Tmp\nxpcup\CMSIS_driver\Include" -I"C:\Users\asyou\Desktop\Tmp\nxpcup\board" -I"C:\Users\asyou\Desktop\Tmp\nxpcup\source" -I"C:\Users\asyou\Desktop\Tmp\nxpcup\include" -O0 -fno-common -g3 -gdwarf-4 -mcpu=cortex-m33 -c -ffunction-sections -fdata-sections -fno-builtin -imacros "C:\Users\asyou\Desktop\Tmp\nxpcup\source\mcux_config.h" -fmerge-constants -fmacro-prefix-map="../source/"= -mcpu=cortex-m33 -mfpu=fpv5-sp-d16 -mfloat-abi=hard -mthumb -D__REDLIB__ -fstack-usage -specs=redlib.specs -MMD -MP -MF"source/main.d" -MT"source/main.o" -MT"source/main.d" -o "source/main.o" "../source/main.c"
Finished building: ../source/main.c
 
Building target: nxpcup.axf
Invoking: MCU Linker
arm-none-eabi-gcc -nostdlib -Xlinker -no-warn-rwx-segments -Xlinker -Map="nxpcup.map" -Xlinker --gc-sections -Xlinker -print-memory-usage -Xlinker --sort-section=alignment -Xlinker --cref -mcpu=cortex-m33 -mfpu=fpv5-sp-d16 -mfloat-abi=hard -mthumb -T nxpcup_Debug.ld -o "nxpcup.axf" ./utilities/str/fsl_str.o  ./utilities/debug_console_lite/fsl_debug_console.o  ./utilities/fsl_assert.o ./utilities/fsl_memcpy.o  ./startup/boot_multicore_slave.o ./startup/startup_mcxn947_cm33_core0.o  ./source/esc.o ./source/hbridge.o ./source/main.o ./source/pixy.o ./source/semihost_hardfault.o ./source/servo.o ./source/simple_movement.o  ./drivers/fsl_clock.o ./drivers/fsl_common.o ./drivers/fsl_common_arm.o ./drivers/fsl_ctimer.o ./drivers/fsl_edma.o ./drivers/fsl_edma_soc.o ./drivers/fsl_gpio.o ./drivers/fsl_inputmux.o ./drivers/fsl_lpflexcomm.o ./drivers/fsl_lpi2c.o ./drivers/fsl_lpi2c_cmsis.o ./drivers/fsl_lpi2c_edma.o ./drivers/fsl_lpuart.o ./drivers/fsl_pwm.o ./drivers/fsl_reset.o ./drivers/fsl_spc.o  ./device/system_MCXN947_cm33_core0.o  ./component/uart/fsl_adapter_lpuart.o  ./board/board.o ./board/clock_config.o ./board/hardware_init.o ./board/peripherals.o ./board/pin_mux.o   
Memory region         Used Size  Region Size  %age Used
  PROGRAM_FLASH0:       32376 B         1 MB      3.09%
  PROGRAM_FLASH1:           0 B         1 MB      0.00%
            SRAM:        9244 B       384 KB      2.35%
           SRAMX:           0 B        96 KB      0.00%
           SRAMH:           0 B        32 KB      0.00%
         USB_RAM:           0 B         4 KB      0.00%
Finished building target: nxpcup.axf
 
Performing post-build steps
arm-none-eabi-size "nxpcup.axf"; # arm-none-eabi-objcopy -v -O binary "nxpcup.axf" "nxpcup.bin" ; # checksum -p MCXN947 -d "nxpcup.bin";
   text	   data	    bss	    dec	    hex	filename
  32292	     84	   9160	  41536	   a240	nxpcup.axf
 
12:55:55 **** Incremental Build of configuration Debug for project nxpcup ****
make -r -j12 all 
make[1]: Nothing to be done for 'main-build'.
Performing post-build steps
arm-none-eabi-size "nxpcup.axf"; # arm-none-eabi-objcopy -v -O binary "nxpcup.axf" "nxpcup.bin" ; # checksum -p MCXN947 -d "nxpcup.bin";
   text	   data	    bss	    dec	    hex	filename
  32292	     84	   9160	  41536	   a240	nxpcup.axf
 
12:56:04 **** Incremental Build of configuration Debug for project nxpcup ****
make -r -j12 all 
make[1]: Nothing to be done for 'main-build'.
Performing post-build steps
arm-none-eabi-size "nxpcup.axf"; # arm-none-eabi-objcopy -v -O binary "nxpcup.axf" "nxpcup.bin" ; # checksum -p MCXN947 -d "nxpcup.bin";
   text	   data	    bss	    dec	    hex	filename
  32292	     84	   9160	  41536	   a240	nxpcup.axf
 
09:34:23 **** Build of configuration Debug for project nxpcup ****
make -r -j12 all 
Building target: nxpcup.axf
Invoking: MCU Linker
arm-none-eabi-gcc -nostdlib -Xlinker -no-warn-rwx-segments -Xlinker -Map="nxpcup.map" -Xlinker --gc-sections -Xlinker -print-memory-usage -Xlinker --sort-section=alignment -Xlinker --cref -mcpu=cortex-m33 -mfpu=fpv5-sp-d16 -mfloat-abi=hard -mthumb -T nxpcup_Debug.ld -o "nxpcup.axf" ./utilities/str/fsl_str.o  ./utilities/debug_console_lite/fsl_debug_console.o  ./utilities/fsl_assert.o ./utilities/fsl_memcpy.o  ./startup/boot_multicore_slave.o ./startup/startup_mcxn947_cm33_core0.o  ./source/esc.o ./source/hbridge.o ./source/main.o ./source/pixy.o ./source/semihost_hardfault.o ./source/servo.o ./source/simple_movement.o  ./drivers/fsl_clock.o ./drivers/fsl_common.o ./drivers/fsl_common_arm.o ./drivers/fsl_ctimer.o ./drivers/fsl_edma.o ./drivers/fsl_edma_soc.o ./drivers/fsl_gpio.o ./drivers/fsl_inputmux.o ./drivers/fsl_lpflexcomm.o ./drivers/fsl_lpi2c.o ./drivers/fsl_lpi2c_cmsis.o ./drivers/fsl_lpi2c_edma.o ./drivers/fsl_lpuart.o ./drivers/fsl_pwm.o ./drivers/fsl_reset.o ./drivers/fsl_spc.o  ./device/system_MCXN947_cm33_core0.o  ./component/uart/fsl_adapter_lpuart.o  ./board/board.o ./board/clock_config.o ./board/hardware_init.o ./board/peripherals.o ./board/pin_mux.o   
Memory region         Used Size  Region Size  %age Used
  PROGRAM_FLASH0:       32376 B         1 MB      3.09%
  PROGRAM_FLASH1:           0 B         1 MB      0.00%
            SRAM:        9244 B       384 KB      2.35%
           SRAMX:           0 B        96 KB      0.00%
           SRAMH:           0 B        32 KB      0.00%
         USB_RAM:           0 B         4 KB      0.00%
Finished building target: nxpcup.axf
 
Performing post-build steps
arm-none-eabi-size "nxpcup.axf"; # arm-none-eabi-objcopy -v -O binary "nxpcup.axf" "nxpcup.bin" ; # checksum -p MCXN947 -d "nxpcup.bin";
   text	   data	    bss	    dec	    hex	filename
  32292	     84	   9160	  41536	   a240	nxpcup.axf
 
09:35:52 **** Incremental Build of configuration Debug for project nxpcup ****
make -r -j12 all 
make[1]: Nothing to be done for 'main-build'.
Performing post-build steps
arm-none-eabi-size "nxpcup.axf"; # arm-none-eabi-objcopy -v -O binary "nxpcup.axf" "nxpcup.bin" ; # checksum -p MCXN947 -d "nxpcup.bin";
   text	   data	    bss	    dec	    hex	filename
  32292	     84	   9160	  41536	   a240	nxpcup.axf
 
09:35:58 **** Incremental Build of configuration Debug for project nxpcup ****
make -r -j12 all 
make[1]: Nothing to be done for 'main-build'.
Performing post-build steps
arm-none-eabi-size "nxpcup.axf"; # arm-none-eabi-objcopy -v -O binary "nxpcup.axf" "nxpcup.bin" ; # checksum -p MCXN947 -d "nxpcup.bin";
   text	   data	    bss	    dec	    hex	filename
  32292	     84	   9160	  41536	   a240	nxpcup.axf
 
09:39:56 **** Incremental Build of configuration Debug for project nxpcup ****
make -r -j12 all 
Building file: ../source/main.c
Invoking: MCU C Compiler
[...]
Building file: ../component/uart/fsl_adapter_lpuart.c
Finished building: ../drivers/fsl_lpflexcomm.c
Invoking: MCU C Compiler
arm-none-eabi-gcc -std=gnu99 -D__REDLIB__ -DCPU_MCXN947VDF -DCPU_MCXN947VDF_cm33 -DCPU_MCXN947VDF_cm33_core0 -DMCUXPRESSO_SDK -DSDK_DEBUGCONSOLE=0 -DMCUX_META_BUILD -DMCXN947_cm33_core0_SERIES -DCR_INTEGER_PRINTF -DPRINTF_FLOAT_ENABLE=0 -D__MCUXPRESSO -D__USE_CMSIS -DDEBUG -I"C:\Users\asyou\Desktop\Tmp\nxpcup\drivers" -I"C:\Users\asyou\Desktop\Tmp\nxpcup\CMSIS" -I"C:\Users\asyou\Desktop\Tmp\nxpcup\CMSIS\m-profile" -I"C:\Users\asyou\Desktop\Tmp\nxpcup\device" -I"C:\Users\asyou\Desktop\Tmp\nxpcup\device\periph" -I"C:\Users\asyou\Desktop\Tmp\nxpcup\utilities" -I"C:\Users\asyou\Desktop\Tmp\nxpcup\utilities\str" -I"C:\Users\asyou\Desktop\Tmp\nxpcup\utilities\debug_console_lite" -I"C:\Users\asyou\Desktop\Tmp\nxpcup\component\uart" -I"C:\Users\asyou\Desktop\Tmp\nxpcup\CMSIS_driver\Include" -I"C:\Users\asyou\Desktop\Tmp\nxpcup\board" -I"C:\Users\asyou\Desktop\Tmp\nxpcup\source" -I"C:\Users\asyou\Desktop\Tmp\nxpcup\include" -O0 -fno-common -g3 -gdwarf-4 -mcpu=cortex-m33 -c -ffunction-sections -fdata-sections -fno-builtin -imacros "C:\Users\asyou\Desktop\Tmp\nxpcup\source\mcux_config.h" -fmerge-constants -fmacro-prefix-map="../component/uart/"= -mcpu=cortex-m33 -mfpu=fpv5-sp-d16 -mfloat-abi=hard -mthumb -D__REDLIB__ -fstack-usage -specs=redlib.specs -MMD -MP -MF"component/uart/fsl_adapter_lpuart.d" -MT"component/uart/fsl_adapter_lpuart.o" -MT"component/uart/fsl_adapter_lpuart.d" -o "component/uart/fsl_adapter_lpuart.o" "../component/uart/fsl_adapter_lpuart.c"
 
Building file: ../board/board.c
Finished building: ../drivers/fsl_edma.c
Finished building: ../drivers/fsl_lpi2c_edma.c
 
Invoking: MCU C Compiler
Finished building: ../drivers/fsl_inputmux.c
arm-none-eabi-gcc -std=gnu99 -D__REDLIB__ -DCPU_MCXN947VDF -DCPU_MCXN947VDF_cm33 -DCPU_MCXN947VDF_cm33_core0 -DMCUXPRESSO_SDK -DSDK_DEBUGCONSOLE=0 -DMCUX_META_BUILD -DMCXN947_cm33_core0_SERIES -DCR_INTEGER_PRINTF -DPRINTF_FLOAT_ENABLE=0 -D__MCUXPRESSO -D__USE_CMSIS -DDEBUG -I"C:\Users\asyou\Desktop\Tmp\nxpcup\drivers" -I"C:\Users\asyou\Desktop\Tmp\nxpcup\CMSIS" -I"C:\Users\asyou\Desktop\Tmp\nxpcup\CMSIS\m-profile" -I"C:\Users\asyou\Desktop\Tmp\nxpcup\device" -I"C:\Users\asyou\Desktop\Tmp\nxpcup\device\periph" -I"C:\Users\asyou\Desktop\Tmp\nxpcup\utilities" -I"C:\Users\asyou\Desktop\Tmp\nxpcup\utilities\str" -I"C:\Users\asyou\Desktop\Tmp\nxpcup\utilities\debug_console_lite" -I"C:\Users\asyou\Desktop\Tmp\nxpcup\component\uart" -I"C:\Users\asyou\Desktop\Tmp\nxpcup\CMSIS_driver\Include" -I"C:\Users\asyou\Desktop\Tmp\nxpcup\board" -I"C:\Users\asyou\Desktop\Tmp\nxpcup\source" -I"C:\Users\asyou\Desktop\Tmp\nxpcup\include" -O0 -fno-common -g3 -gdwarf-4 -mcpu=cortex-m33 -c -ffunction-sections -fdata-sections -fno-builtin -imacros "C:\Users\asyou\Desktop\Tmp\nxpcup\source\mcux_config.h" -fmerge-constants -fmacro-prefix-map="../board/"= -mcpu=cortex-m33 -mfpu=fpv5-sp-d16 -mfloat-abi=hard -mthumb -D__REDLIB__ -fstack-usage -specs=redlib.specs -MMD -MP -MF"board/board.d" -MT"board/board.o" -MT"board/board.d" -o "board/board.o" "../board/board.c"
Finished building: ../drivers/fsl_lpi2c_cmsis.c
Finished building: ../drivers/fsl_lpi2c.c
 
Building file: ../board/clock_config.c
 
 
 
Invoking: MCU C Compiler
Building file: ../board/hardware_init.c
Finished building: ../drivers/fsl_pwm.c
arm-none-eabi-gcc -std=gnu99 -D__REDLIB__ -DCPU_MCXN947VDF -DCPU_MCXN947VDF_cm33 -DCPU_MCXN947VDF_cm33_core0 -DMCUXPRESSO_SDK -DSDK_DEBUGCONSOLE=0 -DMCUX_META_BUILD -DMCXN947_cm33_core0_SERIES -DCR_INTEGER_PRINTF -DPRINTF_FLOAT_ENABLE=0 -D__MCUXPRESSO -D__USE_CMSIS -DDEBUG -I"C:\Users\asyou\Desktop\Tmp\nxpcup\drivers" -I"C:\Users\asyou\Desktop\Tmp\nxpcup\CMSIS" -I"C:\Users\asyou\Desktop\Tmp\nxpcup\CMSIS\m-profile" -I"C:\Users\asyou\Desktop\Tmp\nxpcup\device" -I"C:\Users\asyou\Desktop\Tmp\nxpcup\device\periph" -I"C:\Users\asyou\Desktop\Tmp\nxpcup\utilities" -I"C:\Users\asyou\Desktop\Tmp\nxpcup\utilities\str" -I"C:\Users\asyou\Desktop\Tmp\nxpcup\utilities\debug_console_lite" -I"C:\Users\asyou\Desktop\Tmp\nxpcup\component\uart" -I"C:\Users\asyou\Desktop\Tmp\nxpcup\CMSIS_driver\Include" -I"C:\Users\asyou\Desktop\Tmp\nxpcup\board" -I"C:\Users\asyou\Desktop\Tmp\nxpcup\source" -I"C:\Users\asyou\Desktop\Tmp\nxpcup\include" -O0 -fno-common -g3 -gdwarf-4 -mcpu=cortex-m33 -c -ffunction-sections -fdata-sections -fno-builtin -imacros "C:\Users\asyou\Desktop\Tmp\nxpcup\source\mcux_config.h" -fmerge-constants -fmacro-prefix-map="../board/"= -mcpu=cortex-m33 -mfpu=fpv5-sp-d16 -mfloat-abi=hard -mthumb -D__REDLIB__ -fstack-usage -specs=redlib.specs -MMD -MP -MF"board/clock_config.d" -MT"board/clock_config.o" -MT"board/clock_config.d" -o "board/clock_config.o" "../board/clock_config.c"
Finished building: ../drivers/fsl_reset.c
Finished building: ../drivers/fsl_lpuart.c
Invoking: MCU C Compiler
 
arm-none-eabi-gcc -std=gnu99 -D__REDLIB__ -DCPU_MCXN947VDF -DCPU_MCXN947VDF_cm33 -DCPU_MCXN947VDF_cm33_core0 -DMCUXPRESSO_SDK -DSDK_DEBUGCONSOLE=0 -DMCUX_META_BUILD -DMCXN947_cm33_core0_SERIES -DCR_INTEGER_PRINTF -DPRINTF_FLOAT_ENABLE=0 -D__MCUXPRESSO -D__USE_CMSIS -DDEBUG -I"C:\Users\asyou\Desktop\Tmp\nxpcup\drivers" -I"C:\Users\asyou\Desktop\Tmp\nxpcup\CMSIS" -I"C:\Users\asyou\Desktop\Tmp\nxpcup\CMSIS\m-profile" -I"C:\Users\asyou\Desktop\Tmp\nxpcup\device" -I"C:\Users\asyou\Desktop\Tmp\nxpcup\device\periph" -I"C:\Users\asyou\Desktop\Tmp\nxpcup\utilities" -I"C:\Users\asyou\Desktop\Tmp\nxpcup\utilities\str" -I"C:\Users\asyou\Desktop\Tmp\nxpcup\utilities\debug_console_lite" -I"C:\Users\asyou\Desktop\Tmp\nxpcup\component\uart" -I"C:\Users\asyou\Desktop\Tmp\nxpcup\CMSIS_driver\Include" -I"C:\Users\asyou\Desktop\Tmp\nxpcup\board" -I"C:\Users\asyou\Desktop\Tmp\nxpcup\source" -I"C:\Users\asyou\Desktop\Tmp\nxpcup\include" -O0 -fno-common -g3 -gdwarf-4 -mcpu=cortex-m33 -c -ffunction-sections -fdata-sections -fno-builtin -imacros "C:\Users\asyou\Desktop\Tmp\nxpcup\source\mcux_config.h" -fmerge-constants -fmacro-prefix-map="../board/"= -mcpu=cortex-m33 -mfpu=fpv5-sp-d16 -mfloat-abi=hard -mthumb -D__REDLIB__ -fstack-usage -specs=redlib.specs -MMD -MP -MF"board/hardware_init.d" -MT"board/hardware_init.o" -MT"board/hardware_init.d" -o "board/hardware_init.o" "../board/hardware_init.c"
 
 
Building file: ../board/peripherals.c
Building file: ../board/pin_mux.c
Invoking: MCU C Compiler
arm-none-eabi-gcc -std=gnu99 -D__REDLIB__ -DCPU_MCXN947VDF -DCPU_MCXN947VDF_cm33 -DCPU_MCXN947VDF_cm33_core0 -DMCUXPRESSO_SDK -DSDK_DEBUGCONSOLE=0 -DMCUX_META_BUILD -DMCXN947_cm33_core0_SERIES -DCR_INTEGER_PRINTF -DPRINTF_FLOAT_ENABLE=0 -D__MCUXPRESSO -D__USE_CMSIS -DDEBUG -I"C:\Users\asyou\Desktop\Tmp\nxpcup\drivers" -I"C:\Users\asyou\Desktop\Tmp\nxpcup\CMSIS" -I"C:\Users\asyou\Desktop\Tmp\nxpcup\CMSIS\m-profile" -I"C:\Users\asyou\Desktop\Tmp\nxpcup\device" -I"C:\Users\asyou\Desktop\Tmp\nxpcup\device\periph" -I"C:\Users\asyou\Desktop\Tmp\nxpcup\utilities" -I"C:\Users\asyou\Desktop\Tmp\nxpcup\utilities\str" -I"C:\Users\asyou\Desktop\Tmp\nxpcup\utilities\debug_console_lite" -I"C:\Users\asyou\Desktop\Tmp\nxpcup\component\uart" -I"C:\Users\asyou\Desktop\Tmp\nxpcup\CMSIS_driver\Include" -I"C:\Users\asyou\Desktop\Tmp\nxpcup\board" -I"C:\Users\asyou\Desktop\Tmp\nxpcup\source" -I"C:\Users\asyou\Desktop\Tmp\nxpcup\include" -O0 -fno-common -g3 -gdwarf-4 -mcpu=cortex-m33 -c -ffunction-sections -fdata-sections -fno-builtin -imacros "C:\Users\asyou\Desktop\Tmp\nxpcup\source\mcux_config.h" -fmerge-constants -fmacro-prefix-map="../board/"= -mcpu=cortex-m33 -mfpu=fpv5-sp-d16 -mfloat-abi=hard -mthumb -D__REDLIB__ -fstack-usage -specs=redlib.specs -MMD -MP -MF"board/peripherals.d" -MT"board/peripherals.o" -MT"board/peripherals.d" -o "board/peripherals.o" "../board/peripherals.c"
Invoking: MCU C Compiler
arm-none-eabi-gcc -std=gnu99 -D__REDLIB__ -DCPU_MCXN947VDF -DCPU_MCXN947VDF_cm33 -DCPU_MCXN947VDF_cm33_core0 -DMCUXPRESSO_SDK -DSDK_DEBUGCONSOLE=0 -DMCUX_META_BUILD -DMCXN947_cm33_core0_SERIES -DCR_INTEGER_PRINTF -DPRINTF_FLOAT_ENABLE=0 -D__MCUXPRESSO -D__USE_CMSIS -DDEBUG -I"C:\Users\asyou\Desktop\Tmp\nxpcup\drivers" -I"C:\Users\asyou\Desktop\Tmp\nxpcup\CMSIS" -I"C:\Users\asyou\Desktop\Tmp\nxpcup\CMSIS\m-profile" -I"C:\Users\asyou\Desktop\Tmp\nxpcup\device" -I"C:\Users\asyou\Desktop\Tmp\nxpcup\device\periph" -I"C:\Users\asyou\Desktop\Tmp\nxpcup\utilities" -I"C:\Users\asyou\Desktop\Tmp\nxpcup\utilities\str" -I"C:\Users\asyou\Desktop\Tmp\nxpcup\utilities\debug_console_lite" -I"C:\Users\asyou\Desktop\Tmp\nxpcup\component\uart" -I"C:\Users\asyou\Desktop\Tmp\nxpcup\CMSIS_driver\Include" -I"C:\Users\asyou\Desktop\Tmp\nxpcup\board" -I"C:\Users\asyou\Desktop\Tmp\nxpcup\source" -I"C:\Users\asyou\Desktop\Tmp\nxpcup\include" -O0 -fno-common -g3 -gdwarf-4 -mcpu=cortex-m33 -c -ffunction-sections -fdata-sections -fno-builtin -imacros "C:\Users\asyou\Desktop\Tmp\nxpcup\source\mcux_config.h" -fmerge-constants -fmacro-prefix-map="../board/"= -mcpu=cortex-m33 -mfpu=fpv5-sp-d16 -mfloat-abi=hard -mthumb -D__REDLIB__ -fstack-usage -specs=redlib.specs -MMD -MP -MF"board/pin_mux.d" -MT"board/pin_mux.o" -MT"board/pin_mux.d" -o "board/pin_mux.o" "../board/pin_mux.c"
Finished building: ../device/system_MCXN947_cm33_core0.c
 
Finished building: ../component/uart/fsl_adapter_lpuart.c
 
Finished building: ../drivers/fsl_spc.c
 
Finished building: ../board/board.c
 
Finished building: ../board/hardware_init.c
Finished building: ../board/clock_config.c
 
 
Finished building: ../board/peripherals.c
Finished building: ../board/pin_mux.c
 
 
Building target: nxpcup.axf
Invoking: MCU Linker
arm-none-eabi-gcc -nostdlib -Xlinker -no-warn-rwx-segments -Xlinker -Map="nxpcup.map" -Xlinker --gc-sections -Xlinker -print-memory-usage -Xlinker --sort-section=alignment -Xlinker --cref -mcpu=cortex-m33 -mfpu=fpv5-sp-d16 -mfloat-abi=hard -mthumb -T nxpcup_Debug.ld -o "nxpcup.axf" ./utilities/str/fsl_str.o  ./utilities/debug_console_lite/fsl_debug_console.o  ./utilities/fsl_assert.o ./utilities/fsl_memcpy.o  ./startup/boot_multicore_slave.o ./startup/startup_mcxn947_cm33_core0.o  ./source/esc.o ./source/hbridge.o ./source/main.o ./source/pixy.o ./source/semihost_hardfault.o ./source/servo.o ./source/simple_movement.o  ./drivers/fsl_clock.o ./drivers/fsl_common.o ./drivers/fsl_common_arm.o ./drivers/fsl_ctimer.o ./drivers/fsl_edma.o ./drivers/fsl_edma_soc.o ./drivers/fsl_gpio.o ./drivers/fsl_inputmux.o ./drivers/fsl_lpflexcomm.o ./drivers/fsl_lpi2c.o ./drivers/fsl_lpi2c_cmsis.o ./drivers/fsl_lpi2c_edma.o ./drivers/fsl_lpuart.o ./drivers/fsl_pwm.o ./drivers/fsl_reset.o ./drivers/fsl_spc.o  ./device/system_MCXN947_cm33_core0.o  ./component/uart/fsl_adapter_lpuart.o  ./board/board.o ./board/clock_config.o ./board/hardware_init.o ./board/peripherals.o ./board/pin_mux.o   
Memory region         Used Size  Region Size  %age Used
  PROGRAM_FLASH0:       27000 B         1 MB      2.57%
  PROGRAM_FLASH1:           0 B         1 MB      0.00%
            SRAM:        9240 B       384 KB      2.35%
           SRAMX:           0 B        96 KB      0.00%
           SRAMH:           0 B        32 KB      0.00%
         USB_RAM:           0 B         4 KB      0.00%
Finished building target: nxpcup.axf
 
Performing post-build steps
arm-none-eabi-size "nxpcup.axf"; # arm-none-eabi-objcopy -v -O binary "nxpcup.axf" "nxpcup.bin" ; # checksum -p MCXN947 -d "nxpcup.bin";
   text	   data	    bss	    dec	    hex	filename
  26916	     84	   9156	  36156	   8d3c	nxpcup.axf
 
09:58:58 **** Incremental Build of configuration Debug for project nxpcup ****
make -r -j12 all 
make[1]: Nothing to be done for 'main-build'.
Performing post-build steps
arm-none-eabi-size "nxpcup.axf"; # arm-none-eabi-objcopy -v -O binary "nxpcup.axf" "nxpcup.bin" ; # checksum -p MCXN947 -d "nxpcup.bin";
   text	   data	    bss	    dec	    hex	filename
  26916	     84	   9156	  36156	   8d3c	nxpcup.axf
 
10:23:35 **** Incremental Build of configuration Debug for project nxpcup ****
make -r -j12 all 
Building file: ../source/main.c
Invoking: MCU C Compiler
arm-none-eabi-gcc -std=gnu99 -D__REDLIB__ -DCPU_MCXN947VDF -DCPU_MCXN947VDF_cm33 -DCPU_MCXN947VDF_cm33_core0 -DMCUXPRESSO_SDK -DSDK_DEBUGCONSOLE=0 -DMCUX_META_BUILD -DMCXN947_cm33_core0_SERIES -DCR_INTEGER_PRINTF -DPRINTF_FLOAT_ENABLE=0 -D__MCUXPRESSO -D__USE_CMSIS -DDEBUG -I"C:\Users\asyou\Desktop\Tmp\nxpcup\drivers" -I"C:\Users\asyou\Desktop\Tmp\nxpcup\CMSIS" -I"C:\Users\asyou\Desktop\Tmp\nxpcup\CMSIS\m-profile" -I"C:\Users\asyou\Desktop\Tmp\nxpcup\device" -I"C:\Users\asyou\Desktop\Tmp\nxpcup\device\periph" -I"C:\Users\asyou\Desktop\Tmp\nxpcup\utilities" -I"C:\Users\asyou\Desktop\Tmp\nxpcup\utilities\str" -I"C:\Users\asyou\Desktop\Tmp\nxpcup\utilities\debug_console_lite" -I"C:\Users\asyou\Desktop\Tmp\nxpcup\component\uart" -I"C:\Users\asyou\Desktop\Tmp\nxpcup\CMSIS_driver\Include" -I"C:\Users\asyou\Desktop\Tmp\nxpcup\board" -I"C:\Users\asyou\Desktop\Tmp\nxpcup\source" -I"C:\Users\asyou\Desktop\Tmp\nxpcup\include" -O0 -fno-common -g3 -gdwarf-4 -mcpu=cortex-m33 -c -ffunction-sections -fdata-sections -fno-builtin -imacros "C:\Users\asyou\Desktop\Tmp\nxpcup\source\mcux_config.h" -fmerge-constants -fmacro-prefix-map="../source/"= -mcpu=cortex-m33 -mfpu=fpv5-sp-d16 -mfloat-abi=hard -mthumb -D__REDLIB__ -fstack-usage -specs=redlib.specs -MMD -MP -MF"source/main.d" -MT"source/main.o" -MT"source/main.d" -o "source/main.o" "../source/main.c"
../source/main.c: In function 'main':
../source/main.c:24:1: error: stray '`' in program
   24 | `````````                                                                                                                                                           PRINTF("Initializing Board\n");
      | ^
../source/main.c:24:2: error: stray '`' in program
   24 | `````````                                                                                                                                                           PRINTF("Initializing Board\n");
      |  ^
../source/main.c:24:3: error: stray '`' in program
   24 | `````````                                                                                                                                                           PRINTF("Initializing Board\n");
      |   ^
../source/main.c:24:4: error: stray '`' in program
   24 | `````````                                                                                                                                                           PRINTF("Initializing Board\n");
      |    ^
../source/main.c:24:5: error: stray '`' in program
   24 | `````````                                                                                                                                                           PRINTF("Initializing Board\n");
      |     ^
../source/main.c:24:6: error: stray '`' in program
   24 | `````````                                                                                                                                                           PRINTF("Initializing Board\n");
      |      ^
../source/main.c:24:7: error: stray '`' in program
   24 | `````````                                                                                                                                                           PRINTF("Initializing Board\n");
      |       ^
../source/main.c:24:8: error: stray '`' in program
   24 | `````````                                                                                                                                                           PRINTF("Initializing Board\n");
      |        ^
../source/main.c:24:9: error: stray '`' in program
   24 | `````````                                                                                                                                                           PRINTF("Initializing Board\n");
      |         ^
make[1]: *** [source/subdir.mk:38: source/main.o] Error 1
make: *** [makefile:43: all] Error 2
"make -r -j12 all" terminated with exit code 2. Build might be incomplete.
10:23:46 **** Incremental Build of configuration Debug for project nxpcup ****
make -r -j12 all 
Building file: ../source/main.c
Invoking: MCU C Compiler
arm-none-eabi-gcc -std=gnu99 -D__REDLIB__ -DCPU_MCXN947VDF -DCPU_MCXN947VDF_cm33 -DCPU_MCXN947VDF_cm33_core0 -DMCUXPRESSO_SDK -DSDK_DEBUGCONSOLE=0 -DMCUX_META_BUILD -DMCXN947_cm33_core0_SERIES -DCR_INTEGER_PRINTF -DPRINTF_FLOAT_ENABLE=0 -D__MCUXPRESSO -D__USE_CMSIS -DDEBUG -I"C:\Users\asyou\Desktop\Tmp\nxpcup\drivers" -I"C:\Users\asyou\Desktop\Tmp\nxpcup\CMSIS" -I"C:\Users\asyou\Desktop\Tmp\nxpcup\CMSIS\m-profile" -I"C:\Users\asyou\Desktop\Tmp\nxpcup\device" -I"C:\Users\asyou\Desktop\Tmp\nxpcup\device\periph" -I"C:\Users\asyou\Desktop\Tmp\nxpcup\utilities" -I"C:\Users\asyou\Desktop\Tmp\nxpcup\utilities\str" -I"C:\Users\asyou\Desktop\Tmp\nxpcup\utilities\debug_console_lite" -I"C:\Users\asyou\Desktop\Tmp\nxpcup\component\uart" -I"C:\Users\asyou\Desktop\Tmp\nxpcup\CMSIS_driver\Include" -I"C:\Users\asyou\Desktop\Tmp\nxpcup\board" -I"C:\Users\asyou\Desktop\Tmp\nxpcup\source" -I"C:\Users\asyou\Desktop\Tmp\nxpcup\include" -O0 -fno-common -g3 -gdwarf-4 -mcpu=cortex-m33 -c -ffunction-sections -fdata-sections -fno-builtin -imacros "C:\Users\asyou\Desktop\Tmp\nxpcup\source\mcux_config.h" -fmerge-constants -fmacro-prefix-map="../source/"= -mcpu=cortex-m33 -mfpu=fpv5-sp-d16 -mfloat-abi=hard -mthumb -D__REDLIB__ -fstack-usage -specs=redlib.specs -MMD -MP -MF"source/main.d" -MT"source/main.o" -MT"source/main.d" -o "source/main.o" "../source/main.c"
Finished building: ../source/main.c
 
Building target: nxpcup.axf
Invoking: MCU Linker
arm-none-eabi-gcc -nostdlib -Xlinker -no-warn-rwx-segments -Xlinker -Map="nxpcup.map" -Xlinker --gc-sections -Xlinker -print-memory-usage -Xlinker --sort-section=alignment -Xlinker --cref -mcpu=cortex-m33 -mfpu=fpv5-sp-d16 -mfloat-abi=hard -mthumb -T nxpcup_Debug.ld -o "nxpcup.axf" ./utilities/str/fsl_str.o  ./utilities/debug_console_lite/fsl_debug_console.o  ./utilities/fsl_assert.o ./utilities/fsl_memcpy.o  ./startup/boot_multicore_slave.o ./startup/startup_mcxn947_cm33_core0.o  ./source/esc.o ./source/hbridge.o ./source/main.o ./source/pixy.o ./source/semihost_hardfault.o ./source/servo.o ./source/simple_movement.o  ./drivers/fsl_clock.o ./drivers/fsl_common.o ./drivers/fsl_common_arm.o ./drivers/fsl_ctimer.o ./drivers/fsl_edma.o ./drivers/fsl_edma_soc.o ./drivers/fsl_gpio.o ./drivers/fsl_inputmux.o ./drivers/fsl_lpflexcomm.o ./drivers/fsl_lpi2c.o ./drivers/fsl_lpi2c_cmsis.o ./drivers/fsl_lpi2c_edma.o ./drivers/fsl_lpuart.o ./drivers/fsl_pwm.o ./drivers/fsl_reset.o ./drivers/fsl_spc.o  ./device/system_MCXN947_cm33_core0.o  ./component/uart/fsl_adapter_lpuart.o  ./board/board.o ./board/clock_config.o ./board/hardware_init.o ./board/peripherals.o ./board/pin_mux.o   
Memory region         Used Size  Region Size  %age Used
  PROGRAM_FLASH0:       27000 B         1 MB      2.57%
  PROGRAM_FLASH1:           0 B         1 MB      0.00%
            SRAM:        9240 B       384 KB      2.35%
           SRAMX:           0 B        96 KB      0.00%
           SRAMH:           0 B        32 KB      0.00%
         USB_RAM:           0 B         4 KB      0.00%
Finished building target: nxpcup.axf
 
Performing post-build steps
arm-none-eabi-size "nxpcup.axf"; # arm-none-eabi-objcopy -v -O binary "nxpcup.axf" "nxpcup.bin" ; # checksum -p MCXN947 -d "nxpcup.bin";
   text	   data	    bss	    dec	    hex	filename
  26916	     84	   9156	  36156	   8d3c	nxpcup.axf
 
