10:23:46 **** Incremental Build of configuration Debug for project nxpcup ****
make -r -j12 all 
Building file: ../source/main.c
Invoking: MCU C Compiler
arm-none-eabi-gcc -std=gnu99 -D__REDLIB__ -DCPU_MCXN947VDF -DCPU_MCXN947VDF_cm33 -DCPU_MCXN947VDF_cm33_core0 -DMCUXPRESSO_SDK -DSDK_DEBUGCONSOLE=0 -DMCUX_META_BUILD -DMCXN947_cm33_core0_SERIES -DCR_INTEGER_PRINTF -DPRINTF_FLOAT_ENABLE=0 -D__MCUXPRESSO -D__USE_CMSIS -DDEBUG -I"C:\Users\asyou\Desktop\Tmp\nxpcup\drivers" -I"C:\Users\asyou\Desktop\Tmp\nxpcup\CMSIS" -I"C:\Users\asyou\Desktop\Tmp\nxpcup\CMSIS\m-profile" -I"C:\Users\asyou\Desktop\Tmp\nxpcup\device" -I"C:\Users\asyou\Desktop\Tmp\nxpcup\device\periph" -I"C:\Users\asyou\Desktop\Tmp\nxpcup\utilities" -I"C:\Users\asyou\Desktop\Tmp\nxpcup\utilities\str" -I"C:\Users\asyou\Desktop\Tmp\nxpcup\utilities\debug_console_lite" -I"C:\Users\asyou\Desktop\Tmp\nxpcup\component\uart" -I"C:\Users\asyou\Desktop\Tmp\nxpcup\CMSIS_driver\Include" -I"C:\Users\asyou\Desktop\Tmp\nxpcup\board" -I"C:\Users\asyou\Desktop\Tmp\nxpcup\source" -I"C:\Users\asyou\Desktop\Tmp\nxpcup\include" -O0 -fno-common -g3 -gdwarf-4 -mcpu=cortex-m33 -c -ffunction-sections -fdata-sections -fno-builtin -imacros "C:\Users\asyou\Desktop\Tmp\nxpcup\source\mcux_config.h" -fmerge-constants -fmacro-prefix-map="../source/"= -mcpu=cortex-m33 -mfpu=fpv5-sp-d16 -mfloat-abi=hard -mthumb -D__REDLIB__ -fstack-usage -specs=redlib.specs -MMD -MP -MF"source/main.d" -MT"source/main.o" -MT"source/main.d" -o "source/main.o" "../source/main.c"
Finished building: ../source/main.c
 
Building target: nxpcup.axf
Invoking: MCU Linker
arm-none-eabi-gcc -nostdlib -Xlinker -no-warn-rwx-segments -Xlinker -Map="nxpcup.map" -Xlinker --gc-sections -Xlinker -print-memory-usage -Xlinker --sort-section=alignment -Xlinker --cref -mcpu=cortex-m33 -mfpu=fpv5-sp-d16 -mfloat-abi=hard -mthumb -T nxpcup_Debug.ld -o "nxpcup.axf" ./utilities/str/fsl_str.o  ./utilities/debug_console_lite/fsl_debug_console.o  ./utilities/fsl_assert.o ./utilities/fsl_memcpy.o  ./startup/boot_multicore_slave.o ./startup/startup_mcxn947_cm33_core0.o  ./source/esc.o ./source/hbridge.o ./source/main.o ./source/pixy.o ./source/semihost_hardfault.o ./source/servo.o ./source/simple_movement.o  ./drivers/fsl_clock.o ./drivers/fsl_common.o ./drivers/fsl_common_arm.o ./drivers/fsl_ctimer.o ./drivers/fsl_edma.o ./drivers/fsl_edma_soc.o ./drivers/fsl_gpio.o ./drivers/fsl_inputmux.o ./drivers/fsl_lpflexcomm.o ./drivers/fsl_lpi2c.o ./drivers/fsl_lpi2c_cmsis.o ./drivers/fsl_lpi2c_edma.o ./drivers/fsl_lpuart.o ./drivers/fsl_pwm.o ./drivers/fsl_reset.o ./drivers/fsl_spc.o  ./device/system_MCXN947_cm33_core0.o  ./component/uart/fsl_adapter_lpuart.o  ./board/board.o ./board/clock_config.o ./board/hardware_init.o ./board/peripherals.o ./board/pin_mux.o   
Memory region         Used Size  Region Size  %age Used
  PROGRAM_FLASH0:       27000 B         1 MB      2.57%
  PROGRAM_FLASH1:           0 B         1 MB      0.00%
            SRAM:        9240 B       384 KB      2.35%
           SRAMX:           0 B        96 KB      0.00%
           SRAMH:           0 B        32 KB      0.00%
         USB_RAM:           0 B         4 KB      0.00%
Finished building target: nxpcup.axf
 
Performing post-build steps
arm-none-eabi-size "nxpcup.axf"; # arm-none-eabi-objcopy -v -O binary "nxpcup.axf" "nxpcup.bin" ; # checksum -p MCXN947 -d "nxpcup.bin";
   text	   data	    bss	    dec	    hex	filename
  26916	     84	   9156	  36156	   8d3c	nxpcup.axf
 

10:23:47 Build Finished. 0 errors, 0 warnings. (took 1s.271ms)

